[INFO] Scanning for projects...
[INFO] 
[INFO] -----------------------< com.sentinelx:backend >------------------------
[INFO] Building backend 0.0.1-SNAPSHOT
[INFO]   from pom.xml
[INFO] --------------------------------[ jar ]---------------------------------
[INFO] 
[INFO] --- clean:3.4.1:clean (default-clean) @ backend ---
[INFO] Deleting C:\Users\dsatk\OneDrive\Documents\sentinelX\Sentinel-X\backend\target
[INFO] 
[INFO] --- resources:3.3.1:resources (default-resources) @ backend ---
[INFO] Copying 4 resources from src\main\resources to target\classes
[INFO] Copying 9 resources from src\main\resources to target\classes
[INFO] 
[INFO] --- compiler:3.14.1:compile (default-compile) @ backend ---
[INFO] Recompiling the module because of changed source code.
[INFO] Compiling 93 source files with javac [debug parameters release 17] to target\classes
[INFO] /C:/Users/dsatk/OneDrive/Documents/sentinelX/Sentinel-X/backend/src/main/java/com/sentinelx/config/SecurityConfig.java: C:\Users\dsatk\OneDrive\Documents\sentinelX\Sentinel-X\backend\src\main\java\com\sentinelx\config\SecurityConfig.java uses or overrides a deprecated API.
[INFO] /C:/Users/dsatk/OneDrive/Documents/sentinelX/Sentinel-X/backend/src/main/java/com/sentinelx/config/SecurityConfig.java: Recompile with -Xlint:deprecation for details.
[INFO] 
[INFO] --- resources:3.3.1:testResources (default-testResources) @ backend ---
[INFO] skip non existing resourceDirectory C:\Users\dsatk\OneDrive\Documents\sentinelX\Sentinel-X\backend\src\test\resources
[INFO] 
[INFO] --- compiler:3.14.1:testCompile (default-testCompile) @ backend ---
[INFO] Recompiling the module because of changed dependency.
[INFO] Compiling 26 source files with javac [debug parameters release 17] to target\test-classes
[WARNING] /C:/Users/dsatk/OneDrive/Documents/sentinelX/Sentinel-X/backend/src/test/java/com/sentinelx/alert/service/AlertServiceTest.java:[64,6] org.springframework.boot.test.mock.mockito.MockBean in org.springframework.boot.test.mock.mockito has been deprecated and marked for removal
[WARNING] /C:/Users/dsatk/OneDrive/Documents/sentinelX/Sentinel-X/backend/src/test/java/com/sentinelx/alert/service/AlertServiceTest.java:[64,6] org.springframework.boot.test.mock.mockito.MockBean in org.springframework.boot.test.mock.mockito has been deprecated and marked for removal
[WARNING] /C:/Users/dsatk/OneDrive/Documents/sentinelX/Sentinel-X/backend/src/test/java/com/sentinelx/alert/service/AlertServiceTest.java:[64,6] org.springframework.boot.test.mock.mockito.MockBean in org.springframework.boot.test.mock.mockito has been deprecated and marked for removal
[WARNING] /C:/Users/dsatk/OneDrive/Documents/sentinelX/Sentinel-X/backend/src/test/java/com/sentinelx/alert/service/AlertServiceTest.java:[64,6] org.springframework.boot.test.mock.mockito.MockBean in org.springframework.boot.test.mock.mockito has been deprecated and marked for removal
[WARNING] /C:/Users/dsatk/OneDrive/Documents/sentinelX/Sentinel-X/backend/src/test/java/com/sentinelx/alert/service/AlertServiceTest.java:[64,6] org.springframework.boot.test.mock.mockito.MockBean in org.springframework.boot.test.mock.mockito has been deprecated and marked for removal
[WARNING] /C:/Users/dsatk/OneDrive/Documents/sentinelX/Sentinel-X/backend/src/test/java/com/sentinelx/auth/service/EmailVerificationServiceTest.java:[73,6] org.springframework.boot.test.mock.mockito.MockBean in org.springframework.boot.test.mock.mockito has been deprecated and marked for removal
[WARNING] /C:/Users/dsatk/OneDrive/Documents/sentinelX/Sentinel-X/backend/src/test/java/com/sentinelx/auth/service/EmailVerificationServiceTest.java:[73,6] org.springframework.boot.test.mock.mockito.MockBean in org.springframework.boot.test.mock.mockito has been deprecated and marked for removal
[WARNING] /C:/Users/dsatk/OneDrive/Documents/sentinelX/Sentinel-X/backend/src/test/java/com/sentinelx/auth/service/EmailVerificationServiceTest.java:[73,6] org.springframework.boot.test.mock.mockito.MockBean in org.springframework.boot.test.mock.mockito has been deprecated and marked for removal
[WARNING] /C:/Users/dsatk/OneDrive/Documents/sentinelX/Sentinel-X/backend/src/test/java/com/sentinelx/auth/service/EmailVerificationServiceTest.java:[73,6] org.springframework.boot.test.mock.mockito.MockBean in org.springframework.boot.test.mock.mockito has been deprecated and marked for removal
[WARNING] /C:/Users/dsatk/OneDrive/Documents/sentinelX/Sentinel-X/backend/src/test/java/com/sentinelx/auth/service/EmailVerificationServiceTest.java:[73,6] org.springframework.boot.test.mock.mockito.MockBean in org.springframework.boot.test.mock.mockito has been deprecated and marked for removal
[WARNING] /C:/Users/dsatk/OneDrive/Documents/sentinelX/Sentinel-X/backend/src/test/java/com/sentinelx/auth/service/PasswordResetServiceTest.java:[65,6] org.springframework.boot.test.mock.mockito.MockBean in org.springframework.boot.test.mock.mockito has been deprecated and marked for removal
[WARNING] /C:/Users/dsatk/OneDrive/Documents/sentinelX/Sentinel-X/backend/src/test/java/com/sentinelx/auth/service/PasswordResetServiceTest.java:[65,6] org.springframework.boot.test.mock.mockito.MockBean in org.springframework.boot.test.mock.mockito has been deprecated and marked for removal
[WARNING] /C:/Users/dsatk/OneDrive/Documents/sentinelX/Sentinel-X/backend/src/test/java/com/sentinelx/auth/service/PasswordResetServiceTest.java:[65,6] org.springframework.boot.test.mock.mockito.MockBean in org.springframework.boot.test.mock.mockito has been deprecated and marked for removal
[WARNING] /C:/Users/dsatk/OneDrive/Documents/sentinelX/Sentinel-X/backend/src/test/java/com/sentinelx/auth/service/PasswordResetServiceTest.java:[65,6] org.springframework.boot.test.mock.mockito.MockBean in org.springframework.boot.test.mock.mockito has been deprecated and marked for removal
[WARNING] /C:/Users/dsatk/OneDrive/Documents/sentinelX/Sentinel-X/backend/src/test/java/com/sentinelx/auth/service/PasswordResetServiceTest.java:[65,6] org.springframework.boot.test.mock.mockito.MockBean in org.springframework.boot.test.mock.mockito has been deprecated and marked for removal
[WARNING] /C:/Users/dsatk/OneDrive/Documents/sentinelX/Sentinel-X/backend/src/test/java/com/sentinelx/config/SecurityConfigTest.java:[44,6] org.springframework.boot.test.mock.mockito.MockBean in org.springframework.boot.test.mock.mockito has been deprecated and marked for removal
[WARNING] /C:/Users/dsatk/OneDrive/Documents/sentinelX/Sentinel-X/backend/src/test/java/com/sentinelx/config/SecurityConfigTest.java:[44,6] org.springframework.boot.test.mock.mockito.MockBean in org.springframework.boot.test.mock.mockito has been deprecated and marked for removal
[WARNING] /C:/Users/dsatk/OneDrive/Documents/sentinelX/Sentinel-X/backend/src/test/java/com/sentinelx/config/SecurityConfigTest.java:[44,6] org.springframework.boot.test.mock.mockito.MockBean in org.springframework.boot.test.mock.mockito has been deprecated and marked for removal
[WARNING] /C:/Users/dsatk/OneDrive/Documents/sentinelX/Sentinel-X/backend/src/test/java/com/sentinelx/config/SecurityConfigTest.java:[44,6] org.springframework.boot.test.mock.mockito.MockBean in org.springframework.boot.test.mock.mockito has been deprecated and marked for removal
[WARNING] /C:/Users/dsatk/OneDrive/Documents/sentinelX/Sentinel-X/backend/src/test/java/com/sentinelx/config/SecurityConfigTest.java:[44,6] org.springframework.boot.test.mock.mockito.MockBean in org.springframework.boot.test.mock.mockito has been deprecated and marked for removal
[WARNING] /C:/Users/dsatk/OneDrive/Documents/sentinelX/Sentinel-X/backend/src/test/java/com/sentinelx/config/SecurityConfigTest.java:[47,6] org.springframework.boot.test.mock.mockito.MockBean in org.springframework.boot.test.mock.mockito has been deprecated and marked for removal
[WARNING] /C:/Users/dsatk/OneDrive/Documents/sentinelX/Sentinel-X/backend/src/test/java/com/sentinelx/config/SecurityConfigTest.java:[47,6] org.springframework.boot.test.mock.mockito.MockBean in org.springframework.boot.test.mock.mockito has been deprecated and marked for removal
[WARNING] /C:/Users/dsatk/OneDrive/Documents/sentinelX/Sentinel-X/backend/src/test/java/com/sentinelx/config/SecurityConfigTest.java:[47,6] org.springframework.boot.test.mock.mockito.MockBean in org.springframework.boot.test.mock.mockito has been deprecated and marked for removal
[WARNING] /C:/Users/dsatk/OneDrive/Documents/sentinelX/Sentinel-X/backend/src/test/java/com/sentinelx/config/SecurityConfigTest.java:[47,6] org.springframework.boot.test.mock.mockito.MockBean in org.springframework.boot.test.mock.mockito has been deprecated and marked for removal
[WARNING] /C:/Users/dsatk/OneDrive/Documents/sentinelX/Sentinel-X/backend/src/test/java/com/sentinelx/config/SecurityConfigTest.java:[47,6] org.springframework.boot.test.mock.mockito.MockBean in org.springframework.boot.test.mock.mockito has been deprecated and marked for removal
[WARNING] /C:/Users/dsatk/OneDrive/Documents/sentinelX/Sentinel-X/backend/src/test/java/com/sentinelx/e2e/E2EAuthFlowTest.java:[84,6] org.springframework.boot.test.mock.mockito.MockBean in org.springframework.boot.test.mock.mockito has been deprecated and marked for removal
[WARNING] /C:/Users/dsatk/OneDrive/Documents/sentinelX/Sentinel-X/backend/src/test/java/com/sentinelx/e2e/E2EAuthFlowTest.java:[84,6] org.springframework.boot.test.mock.mockito.MockBean in org.springframework.boot.test.mock.mockito has been deprecated and marked for removal
[WARNING] /C:/Users/dsatk/OneDrive/Documents/sentinelX/Sentinel-X/backend/src/test/java/com/sentinelx/e2e/E2EAuthFlowTest.java:[84,6] org.springframework.boot.test.mock.mockito.MockBean in org.springframework.boot.test.mock.mockito has been deprecated and marked for removal
[WARNING] /C:/Users/dsatk/OneDrive/Documents/sentinelX/Sentinel-X/backend/src/test/java/com/sentinelx/e2e/E2EAuthFlowTest.java:[84,6] org.springframework.boot.test.mock.mockito.MockBean in org.springframework.boot.test.mock.mockito has been deprecated and marked for removal
[WARNING] /C:/Users/dsatk/OneDrive/Documents/sentinelX/Sentinel-X/backend/src/test/java/com/sentinelx/e2e/E2EAuthFlowTest.java:[84,6] org.springframework.boot.test.mock.mockito.MockBean in org.springframework.boot.test.mock.mockito has been deprecated and marked for removal
[WARNING] /C:/Users/dsatk/OneDrive/Documents/sentinelX/Sentinel-X/backend/src/test/java/com/sentinelx/e2e/E2EProtectedModulesTest.java:[122,6] org.springframework.boot.test.mock.mockito.MockBean in org.springframework.boot.test.mock.mockito has been deprecated and marked for removal
[WARNING] /C:/Users/dsatk/OneDrive/Documents/sentinelX/Sentinel-X/backend/src/test/java/com/sentinelx/e2e/E2EProtectedModulesTest.java:[122,6] org.springframework.boot.test.mock.mockito.MockBean in org.springframework.boot.test.mock.mockito has been deprecated and marked for removal
[WARNING] /C:/Users/dsatk/OneDrive/Documents/sentinelX/Sentinel-X/backend/src/test/java/com/sentinelx/e2e/E2EProtectedModulesTest.java:[122,6] org.springframework.boot.test.mock.mockito.MockBean in org.springframework.boot.test.mock.mockito has been deprecated and marked for removal
[WARNING] /C:/Users/dsatk/OneDrive/Documents/sentinelX/Sentinel-X/backend/src/test/java/com/sentinelx/e2e/E2EProtectedModulesTest.java:[122,6] org.springframework.boot.test.mock.mockito.MockBean in org.springframework.boot.test.mock.mockito has been deprecated and marked for removal
[WARNING] /C:/Users/dsatk/OneDrive/Documents/sentinelX/Sentinel-X/backend/src/test/java/com/sentinelx/e2e/E2EProtectedModulesTest.java:[122,6] org.springframework.boot.test.mock.mockito.MockBean in org.springframework.boot.test.mock.mockito has been deprecated and marked for removal
[WARNING] /C:/Users/dsatk/OneDrive/Documents/sentinelX/Sentinel-X/backend/src/test/java/com/sentinelx/user/controller/UserControllerTest.java:[70,6] org.springframework.boot.test.mock.mockito.MockBean in org.springframework.boot.test.mock.mockito has been deprecated and marked for removal
[WARNING] /C:/Users/dsatk/OneDrive/Documents/sentinelX/Sentinel-X/backend/src/test/java/com/sentinelx/user/controller/UserControllerTest.java:[70,6] org.springframework.boot.test.mock.mockito.MockBean in org.springframework.boot.test.mock.mockito has been deprecated and marked for removal
[WARNING] /C:/Users/dsatk/OneDrive/Documents/sentinelX/Sentinel-X/backend/src/test/java/com/sentinelx/user/controller/UserControllerTest.java:[70,6] org.springframework.boot.test.mock.mockito.MockBean in org.springframework.boot.test.mock.mockito has been deprecated and marked for removal
[WARNING] /C:/Users/dsatk/OneDrive/Documents/sentinelX/Sentinel-X/backend/src/test/java/com/sentinelx/user/controller/UserControllerTest.java:[70,6] org.springframework.boot.test.mock.mockito.MockBean in org.springframework.boot.test.mock.mockito has been deprecated and marked for removal
[WARNING] /C:/Users/dsatk/OneDrive/Documents/sentinelX/Sentinel-X/backend/src/test/java/com/sentinelx/user/controller/UserControllerTest.java:[70,6] org.springframework.boot.test.mock.mockito.MockBean in org.springframework.boot.test.mock.mockito has been deprecated and marked for removal
[WARNING] /C:/Users/dsatk/OneDrive/Documents/sentinelX/Sentinel-X/backend/src/test/java/com/sentinelx/user/service/UserServiceTest.java:[56,6] org.springframework.boot.test.mock.mockito.MockBean in org.springframework.boot.test.mock.mockito has been deprecated and marked for removal
[WARNING] /C:/Users/dsatk/OneDrive/Documents/sentinelX/Sentinel-X/backend/src/test/java/com/sentinelx/user/service/UserServiceTest.java:[56,6] org.springframework.boot.test.mock.mockito.MockBean in org.springframework.boot.test.mock.mockito has been deprecated and marked for removal
[WARNING] /C:/Users/dsatk/OneDrive/Documents/sentinelX/Sentinel-X/backend/src/test/java/com/sentinelx/user/service/UserServiceTest.java:[56,6] org.springframework.boot.test.mock.mockito.MockBean in org.springframework.boot.test.mock.mockito has been deprecated and marked for removal
[WARNING] /C:/Users/dsatk/OneDrive/Documents/sentinelX/Sentinel-X/backend/src/test/java/com/sentinelx/user/service/UserServiceTest.java:[56,6] org.springframework.boot.test.mock.mockito.MockBean in org.springframework.boot.test.mock.mockito has been deprecated and marked for removal
[WARNING] /C:/Users/dsatk/OneDrive/Documents/sentinelX/Sentinel-X/backend/src/test/java/com/sentinelx/user/service/UserServiceTest.java:[56,6] org.springframework.boot.test.mock.mockito.MockBean in org.springframework.boot.test.mock.mockito has been deprecated and marked for removal
[INFO] 
[INFO] --- surefire:3.5.5:test (default-test) @ backend ---
[INFO] Using auto detected provider org.apache.maven.surefire.junitplatform.JUnitPlatformProvider
[INFO] 
[INFO] -------------------------------------------------------
[INFO]  T E S T S
[INFO] -------------------------------------------------------
[INFO] Running com.sentinelx.activity.controller.ActivityControllerTest
23:34:37.021 [main] INFO org.springframework.test.context.support.AnnotationConfigContextLoaderUtils -- Could not detect default configuration classes for test class [com.sentinelx.activity.controller.ActivityControllerTest]: ActivityControllerTest does not declare any static, non-private, non-final, nested classes annotated with @Configuration.
23:34:37.757 [main] INFO org.springframework.boot.test.context.SpringBootTestContextBootstrapper -- Found @SpringBootConfiguration com.sentinelx.BackendApplication for test class com.sentinelx.activity.controller.ActivityControllerTest

  .   ____          _            __ _ _
 /\\ / ___'_ __ _ _(_)_ __  __ _ \ \ \ \
( ( )\___ | '_ | '_| | '_ \/ _` | \ \ \ \
 \\/  ___)| |_)| | | | | || (_| |  ) ) ) )
  '  |____| .__|_| |_|_| |_\__, | / / / /
 =========|_|==============|___/=/_/_/_/

 :: Spring Boot ::               (v3.5.13)

2026-04-28T23:34:39.964+05:30  INFO 16508 --- [backend] [           main] c.s.a.controller.ActivityControllerTest  : Starting ActivityControllerTest using Java 17.0.18 with PID 16508 (started by dsatk in C:\Users\dsatk\OneDrive\Documents\sentinelX\Sentinel-X\backend)
2026-04-28T23:34:39.969+05:30  INFO 16508 --- [backend] [           main] c.s.a.controller.ActivityControllerTest  : The following 1 profile is active: "dev"
2026-04-28T23:34:43.196+05:30  INFO 16508 --- [backend] [           main] .s.d.r.c.RepositoryConfigurationDelegate : Bootstrapping Spring Data JPA repositories in DEFAULT mode.
2026-04-28T23:34:43.623+05:30  INFO 16508 --- [backend] [           main] .s.d.r.c.RepositoryConfigurationDelegate : Finished Spring Data repository scanning in 393 ms. Found 8 JPA repository interfaces.
2026-04-28T23:34:45.811+05:30  INFO 16508 --- [backend] [           main] o.hibernate.jpa.internal.util.LogHelper  : HHH000204: Processing PersistenceUnitInfo [name: default]
2026-04-28T23:34:46.124+05:30  INFO 16508 --- [backend] [           main] org.hibernate.Version                    : HHH000412: Hibernate ORM core version 6.6.45.Final
2026-04-28T23:34:46.286+05:30  INFO 16508 --- [backend] [           main] o.h.c.internal.RegionFactoryInitiator    : HHH000026: Second-level cache disabled
2026-04-28T23:34:47.615+05:30  INFO 16508 --- [backend] [           main] o.s.o.j.p.SpringPersistenceUnitInfo      : No LoadTimeWeaver setup: ignoring JPA class transformer
2026-04-28T23:34:47.761+05:30  INFO 16508 --- [backend] [           main] com.zaxxer.hikari.HikariDataSource       : HikariPool-1 - Starting...
2026-04-28T23:34:48.521+05:30  INFO 16508 --- [backend] [           main] com.zaxxer.hikari.pool.HikariPool        : HikariPool-1 - Added connection conn0: url=jdbc:h2:mem:activitycontrollertest user=SA
2026-04-28T23:34:48.527+05:30  INFO 16508 --- [backend] [           main] com.zaxxer.hikari.HikariDataSource       : HikariPool-1 - Start completed.
2026-04-28T23:34:48.749+05:30  INFO 16508 --- [backend] [           main] org.hibernate.orm.connections.pooling    : HHH10001005: Database info:
	Database JDBC URL [Connecting through datasource 'HikariDataSource (HikariPool-1)']
	Database driver: undefined/unknown
	Database version: 2.3.232
	Autocommit mode: undefined/unknown
	Isolation level: undefined/unknown
	Minimum pool size: undefined/unknown
	Maximum pool size: undefined/unknown
2026-04-28T23:34:51.378+05:30  INFO 16508 --- [backend] [           main] o.h.e.t.j.p.i.JtaPlatformInitiator       : HHH000489: No JTA platform available (set 'hibernate.transaction.jta.platform' to enable JTA platform integration)
2026-04-28T23:34:51.556+05:30  INFO 16508 --- [backend] [           main] j.LocalContainerEntityManagerFactoryBean : Initialized JPA EntityManagerFactory for persistence unit 'default'
2026-04-28T23:34:52.860+05:30  INFO 16508 --- [backend] [           main] o.s.d.j.r.query.QueryEnhancerFactory     : Hibernate is in classpath; If applicable, HQL parser will be used.
2026-04-28T23:34:56.679+05:30  WARN 16508 --- [backend] [           main] JpaBaseConfiguration$JpaWebConfiguration : spring.jpa.open-in-view is enabled by default. Therefore, database queries may be performed during view rendering. Explicitly configure spring.jpa.open-in-view to disable this warning
2026-04-28T23:34:57.895+05:30  INFO 16508 --- [backend] [           main] r$InitializeUserDetailsManagerConfigurer : Global AuthenticationManager configured with UserDetailsService bean with name customUserDetailsService
2026-04-28T23:34:59.420+05:30  INFO 16508 --- [backend] [           main] o.s.b.t.m.w.SpringBootMockServletContext : Initializing Spring TestDispatcherServlet ''
2026-04-28T23:34:59.420+05:30  INFO 16508 --- [backend] [           main] o.s.t.web.servlet.TestDispatcherServlet  : Initializing Servlet ''
2026-04-28T23:34:59.425+05:30  INFO 16508 --- [backend] [           main] o.s.t.web.servlet.TestDispatcherServlet  : Completed initialization in 4 ms
2026-04-28T23:34:59.503+05:30  INFO 16508 --- [backend] [           main] c.s.a.controller.ActivityControllerTest  : Started ActivityControllerTest in 20.937 seconds (process running for 25.849)
2026-04-28T23:35:00.013+05:30  INFO 16508 --- [backend] [           main] com.sentinelx.config.SeedDataRunner      : Default roles verified
.\mvnw.cmd : OpenJDK 64-Bit Server VM warning: Sharing is only supported for 
boot loader classes because bootstrap classpath has been appended
At line:1 char:1
+ .\mvnw.cmd clean test 2>&1 > test_output.log; Get-Content test_output ...
+ ~~~~~~~~~~~~~~~~~~~~~~~~~~~~~~~~~~~~~~~~~~~~
    + CategoryInfo          : NotSpecified: (OpenJDK 64-Bit ...s been appended 
   :String) [], RemoteException
    + FullyQualifiedErrorId : NativeCommandError
 
2026-04-28T23:35:01.932+05:30  INFO 16508 --- [backend] [           main] c.sentinelx.auth.email.DevEmailService   : Verification email queued for alice@example.com with link /api/auth/verify-email?token=f244fece-2d10-4a75-b5d6-9d0f3482565a
2026-04-28T23:35:02.530+05:30  INFO 16508 --- [backend] [           main] c.sentinelx.auth.email.DevEmailService   : Verification email queued for other@example.com with link /api/auth/verify-email?token=7d4cca02-66db-4f30-a106-5cd05e8c061f
2026-04-28T23:35:03.119+05:30  WARN 16508 --- [backend] [           main] ration$PageModule$WarningLoggingModifier : Serializing PageImpl instances as-is is not supported, meaning that there is no guarantee about the stability of the resulting JSON structure!
	For a stable JSON structure, please use Spring Data's PagedModel (globally via @EnableSpringDataWebSupport(pageSerializationMode = VIA_DTO))
	or Spring HATEOAS and Spring Data's PagedResourcesAssembler as documented in https://docs.spring.io/spring-data/commons/reference/repositories/core-extensions.html#core.web.pageables.

2026-04-28T23:35:05.629+05:30  INFO 16508 --- [backend] [           main] c.sentinelx.auth.email.DevEmailService   : Verification email queued for employee@example.com with link /api/auth/verify-email?token=15b4ba8b-8788-407b-962f-3877bb69f783
[INFO] Tests run: 14, Failures: 0, Errors: 0, Skipped: 0, Time elapsed: 33.09 s -- in com.sentinelx.activity.controller.ActivityControllerTest
[INFO] Running com.sentinelx.activity.service.ActivityServiceTest
2026-04-28T23:35:09.514+05:30  INFO 16508 --- [backend] [           main] t.c.s.AnnotationConfigContextLoaderUtils : Could not detect default configuration classes for test class [com.sentinelx.activity.service.ActivityServiceTest]: ActivityServiceTest does not declare any static, non-private, non-final, nested classes annotated with @Configuration.
2026-04-28T23:35:09.763+05:30  INFO 16508 --- [backend] [           main] .b.t.c.SpringBootTestContextBootstrapper : Found @SpringBootConfiguration com.sentinelx.BackendApplication for test class com.sentinelx.activity.service.ActivityServiceTest

  .   ____          _            __ _ _
 /\\ / ___'_ __ _ _(_)_ __  __ _ \ \ \ \
( ( )\___ | '_ | '_| | '_ \/ _` | \ \ \ \
 \\/  ___)| |_)| | | | | || (_| |  ) ) ) )
  '  |____| .__|_| |_|_| |_\__, | / / / /
 =========|_|==============|___/=/_/_/_/

 :: Spring Boot ::               (v3.5.13)

2026-04-28T23:35:09.929+05:30  INFO 16508 --- [backend] [           main] c.s.a.service.ActivityServiceTest        : Starting ActivityServiceTest using Java 17.0.18 with PID 16508 (started by dsatk in C:\Users\dsatk\OneDrive\Documents\sentinelX\Sentinel-X\backend)
2026-04-28T23:35:09.929+05:30  INFO 16508 --- [backend] [           main] c.s.a.service.ActivityServiceTest        : The following 1 profile is active: "dev"
2026-04-28T23:35:10.881+05:30  INFO 16508 --- [backend] [           main] .s.d.r.c.RepositoryConfigurationDelegate : Bootstrapping Spring Data JPA repositories in DEFAULT mode.
2026-04-28T23:35:11.701+05:30  INFO 16508 --- [backend] [           main] .s.d.r.c.RepositoryConfigurationDelegate : Finished Spring Data repository scanning in 816 ms. Found 8 JPA repository interfaces.
2026-04-28T23:35:12.001+05:30  INFO 16508 --- [backend] [           main] beddedDataSourceBeanFactoryPostProcessor : Replacing 'dataSource' DataSource bean with embedded version
2026-04-28T23:35:12.132+05:30  INFO 16508 --- [backend] [           main] o.s.j.d.e.EmbeddedDatabaseFactory        : Starting embedded database: url='jdbc:h2:mem:79d89791-dd44-4d85-890d-9f7099249a23;DB_CLOSE_DELAY=-1;DB_CLOSE_ON_EXIT=false', username='sa'
2026-04-28T23:35:12.492+05:30  INFO 16508 --- [backend] [           main] o.hibernate.jpa.internal.util.LogHelper  : HHH000204: Processing PersistenceUnitInfo [name: default]
2026-04-28T23:35:12.505+05:30  INFO 16508 --- [backend] [           main] o.h.c.internal.RegionFactoryInitiator    : HHH000026: Second-level cache disabled
2026-04-28T23:35:12.671+05:30  INFO 16508 --- [backend] [           main] o.s.o.j.p.SpringPersistenceUnitInfo      : No LoadTimeWeaver setup: ignoring JPA class transformer
2026-04-28T23:35:12.696+05:30  INFO 16508 --- [backend] [           main] org.hibernate.orm.connections.pooling    : HHH10001005: Database info:
	Database JDBC URL [Connecting through datasource 'org.springframework.jdbc.datasource.embedded.EmbeddedDatabaseFactory$EmbeddedDataSourceProxy@498ae73c']
	Database driver: undefined/unknown
	Database version: 2.3.232
	Autocommit mode: undefined/unknown
	Isolation level: undefined/unknown
	Minimum pool size: undefined/unknown
	Maximum pool size: undefined/unknown
2026-04-28T23:35:13.411+05:30  INFO 16508 --- [backend] [           main] o.h.e.t.j.p.i.JtaPlatformInitiator       : HHH000489: No JTA platform available (set 'hibernate.transaction.jta.platform' to enable JTA platform integration)
Hibernate: 
    drop table if exists activities cascade 
Hibernate: 
    drop table if exists alerts cascade 
Hibernate: 
    drop table if exists email_verification_tokens cascade 
Hibernate: 
    drop table if exists password_reset_tokens cascade 
Hibernate: 
    drop table if exists refresh_tokens cascade 
Hibernate: 
    drop table if exists risk_scores cascade 
Hibernate: 
    drop table if exists roles cascade 
Hibernate: 
    drop table if exists users cascade 
Hibernate: 
    create table activities (
        created_at timestamp(6) not null,
        id bigint generated by default as identity,
        user_id bigint not null,
        action varchar(100) not null,
        entity_id varchar(100) not null,
        entity_type varchar(100) not null,
        metadata TEXT,
        primary key (id)
    )
Hibernate: 
    create table alerts (
        assigned_to_user_id bigint,
        created_at timestamp(6) not null,
        id bigint generated by default as identity,
        risk_score_id bigint,
        updated_at timestamp(6) not null,
        user_id bigint not null,
        message TEXT not null,
        severity enum ('CRITICAL','HIGH','LOW','MEDIUM') not null,
        status enum ('ACKNOWLEDGED','OPEN','RESOLVED','UNDER_INVESTIGATION') not null,
        primary key (id)
    )
Hibernate: 
    create table email_verification_tokens (
        used boolean not null,
        expiry_date timestamp(6) not null,
        id bigint generated by default as identity,
        user_id bigint not null,
        token varchar(255) not null unique,
        primary key (id)
    )
Hibernate: 
    create table password_reset_tokens (
        used boolean not null,
        created_at timestamp(6) not null,
        expiry_date timestamp(6) not null,
        id bigint generated by default as identity,
        user_id bigint not null,
        token varchar(255) not null unique,
        primary key (id)
    )
Hibernate: 
    create table refresh_tokens (
        revoked boolean not null,
        created_at timestamp(6) not null,
        expiry_date timestamp(6) not null,
        id bigint generated by default as identity,
        user_id bigint not null,
        token varchar(255) not null unique,
        primary key (id)
    )
Hibernate: 
    create table risk_scores (
        score integer not null,
        calculated_at timestamp(6) not null,
        id bigint generated by default as identity,
        user_id bigint not null,
        reason varchar(255) not null,
        primary key (id)
    )
Hibernate: 
    create table roles (
        created_at timestamp(6) not null,
        id bigint generated by default as identity,
        updated_at timestamp(6) not null,
        name enum ('ADMIN','ANALYST','EMPLOYEE') not null unique,
        primary key (id)
    )
Hibernate: 
    create table users (
        email_verified boolean not null,
        is_active boolean not null,
        created_at timestamp(6) not null,
        id bigint generated by default as identity,
        role_id bigint not null,
        updated_at timestamp(6) not null,
        username varchar(100) not null unique,
        email varchar(255) not null unique,
        password_hash varchar(255) not null,
        status enum ('ACTIVE','INACTIVE','SUSPENDED') not null,
        primary key (id)
    )
Hibernate: 
    alter table if exists activities 
       add constraint FKq6cjukylkgxdjkm9npk9va2f2 
       foreign key (user_id) 
       references users
Hibernate: 
    alter table if exists alerts 
       add constraint FK9mnby6wvix6n81vjldldamti6 
       foreign key (assigned_to_user_id) 
       references users
Hibernate: 
    alter table if exists alerts 
       add constraint FK2ascwnfekk1us1gj7i09blwio 
       foreign key (risk_score_id) 
       references risk_scores
Hibernate: 
    alter table if exists alerts 
       add constraint FKqx4kjyy8qmc38cpa1pj5gp74i 
       foreign key (user_id) 
       references users
Hibernate: 
    alter table if exists email_verification_tokens 
       add constraint FKi1c4mmamlb8keqt74k4lrtwhc 
       foreign key (user_id) 
       references users
Hibernate: 
    alter table if exists password_reset_tokens 
       add constraint FKk3ndxg5xp6v7wd4gjyusp15gq 
       foreign key (user_id) 
       references users
Hibernate: 
    alter table if exists refresh_tokens 
       add constraint FK1lih5y2npsf8u5o3vhdb9y0os 
       foreign key (user_id) 
       references users
Hibernate: 
    alter table if exists risk_scores 
       add constraint FK44bqnlm9ptd6islo65yl39fyc 
       foreign key (user_id) 
       references users
Hibernate: 
    alter table if exists users 
       add constraint FKp56c1712k691lhsyewcssf40f 
       foreign key (role_id) 
       references roles
2026-04-28T23:35:13.517+05:30  INFO 16508 --- [backend] [           main] j.LocalContainerEntityManagerFactoryBean : Initialized JPA EntityManagerFactory for persistence unit 'default'
2026-04-28T23:35:14.179+05:30  INFO 16508 --- [backend] [           main] c.s.a.service.ActivityServiceTest        : Started ActivityServiceTest in 4.402 seconds (process running for 40.525)
Hibernate: 
    select
        r1_0.id,
        r1_0.created_at,
        r1_0.name,
        r1_0.updated_at 
    from
        roles r1_0 
    where
        r1_0.name=?
Hibernate: 
    insert 
    into
        roles
        (created_at, name, updated_at, id) 
    values
        (?, ?, ?, default)
Hibernate: 
    insert 
    into
        users
        (is_active, created_at, email, email_verified, password_hash, role_id, status, updated_at, username, id) 
    values
        (?, ?, ?, ?, ?, ?, ?, ?, ?, default)
Hibernate: 
    insert 
    into
        activities
        (action, created_at, entity_id, entity_type, metadata, user_id, id) 
    values
        (?, ?, ?, ?, ?, ?, default)
Hibernate: 
    select
        a1_0.id,
        a1_0.action,
        a1_0.created_at,
        a1_0.entity_id,
        a1_0.entity_type,
        a1_0.metadata,
        a1_0.user_id 
    from
        activities a1_0
Hibernate: 
    select
        r1_0.id,
        r1_0.created_at,
        r1_0.name,
        r1_0.updated_at 
    from
        roles r1_0 
    where
        r1_0.name=?
Hibernate: 
    insert 
    into
        roles
        (created_at, name, updated_at, id) 
    values
        (?, ?, ?, default)
Hibernate: 
    insert 
    into
        users
        (is_active, created_at, email, email_verified, password_hash, role_id, status, updated_at, username, id) 
    values
        (?, ?, ?, ?, ?, ?, ?, ?, ?, default)
Hibernate: 
    insert 
    into
        activities
        (action, created_at, entity_id, entity_type, metadata, user_id, id) 
    values
        (?, ?, ?, ?, ?, ?, default)
Hibernate: 
    insert 
    into
        activities
        (action, created_at, entity_id, entity_type, metadata, user_id, id) 
    values
        (?, ?, ?, ?, ?, ?, default)
Hibernate: 
    select
        a1_0.id,
        a1_0.action,
        a1_0.created_at,
        a1_0.entity_id,
        a1_0.entity_type,
        a1_0.metadata,
        a1_0.user_id 
    from
        activities a1_0 
    where
        a1_0.entity_type=? 
    fetch
        first ? rows only
Hibernate: 
    select
        r1_0.id,
        r1_0.created_at,
        r1_0.name,
        r1_0.updated_at 
    from
        roles r1_0 
    where
        r1_0.name=?
Hibernate: 
    insert 
    into
        roles
        (created_at, name, updated_at, id) 
    values
        (?, ?, ?, default)
Hibernate: 
    insert 
    into
        users
        (is_active, created_at, email, email_verified, password_hash, role_id, status, updated_at, username, id) 
    values
        (?, ?, ?, ?, ?, ?, ?, ?, ?, default)
Hibernate: 
    select
        r1_0.id,
        r1_0.created_at,
        r1_0.name,
        r1_0.updated_at 
    from
        roles r1_0 
    where
        r1_0.name=?
Hibernate: 
    insert 
    into
        users
        (is_active, created_at, email, email_verified, password_hash, role_id, status, updated_at, username, id) 
    values
        (?, ?, ?, ?, ?, ?, ?, ?, ?, default)
Hibernate: 
    insert 
    into
        activities
        (action, created_at, entity_id, entity_type, metadata, user_id, id) 
    values
        (?, ?, ?, ?, ?, ?, default)
Hibernate: 
    insert 
    into
        activities
        (action, created_at, entity_id, entity_type, metadata, user_id, id) 
    values
        (?, ?, ?, ?, ?, ?, default)
Hibernate: 
    insert 
    into
        activities
        (action, created_at, entity_id, entity_type, metadata, user_id, id) 
    values
        (?, ?, ?, ?, ?, ?, default)
Hibernate: 
    select
        count(*) 
    from
        users u1_0 
    where
        u1_0.id=?
Hibernate: 
    select
        a1_0.id,
        a1_0.action,
        a1_0.created_at,
        a1_0.entity_id,
        a1_0.entity_type,
        a1_0.metadata,
        a1_0.user_id 
    from
        activities a1_0 
    join
        users u1_0 
            on u1_0.id=a1_0.user_id 
    where
        u1_0.id=? 
    fetch
        first ? rows only
Hibernate: 
    select
        a1_0.id,
        a1_0.action,
        a1_0.created_at,
        a1_0.entity_id,
        a1_0.entity_type,
        a1_0.metadata,
        a1_0.user_id 
    from
        activities a1_0 
    where
        a1_0.id=?
Hibernate: 
    select
        count(*) 
    from
        users u1_0 
    where
        u1_0.id=?
Hibernate: 
    select
        r1_0.id,
        r1_0.created_at,
        r1_0.name,
        r1_0.updated_at 
    from
        roles r1_0 
    where
        r1_0.name=?
Hibernate: 
    insert 
    into
        roles
        (created_at, name, updated_at, id) 
    values
        (?, ?, ?, default)
Hibernate: 
    insert 
    into
        users
        (is_active, created_at, email, email_verified, password_hash, role_id, status, updated_at, username, id) 
    values
        (?, ?, ?, ?, ?, ?, ?, ?, ?, default)
Hibernate: 
    select
        r1_0.id,
        r1_0.created_at,
        r1_0.name,
        r1_0.updated_at 
    from
        roles r1_0 
    where
        r1_0.name=?
Hibernate: 
    insert 
    into
        users
        (is_active, created_at, email, email_verified, password_hash, role_id, status, updated_at, username, id) 
    values
        (?, ?, ?, ?, ?, ?, ?, ?, ?, default)
Hibernate: 
    insert 
    into
        activities
        (action, created_at, entity_id, entity_type, metadata, user_id, id) 
    values
        (?, ?, ?, ?, ?, ?, default)
Hibernate: 
    insert 
    into
        activities
        (action, created_at, entity_id, entity_type, metadata, user_id, id) 
    values
        (?, ?, ?, ?, ?, ?, default)
Hibernate: 
    insert 
    into
        activities
        (action, created_at, entity_id, entity_type, metadata, user_id, id) 
    values
        (?, ?, ?, ?, ?, ?, default)
Hibernate: 
    select
        a1_0.id,
        a1_0.action,
        a1_0.created_at,
        a1_0.entity_id,
        a1_0.entity_type,
        a1_0.metadata,
        a1_0.user_id 
    from
        activities a1_0 
    where
        a1_0.user_id=? 
    fetch
        first ? rows only
Hibernate: 
    select
        r1_0.id,
        r1_0.created_at,
        r1_0.name,
        r1_0.updated_at 
    from
        roles r1_0 
    where
        r1_0.name=?
Hibernate: 
    insert 
    into
        roles
        (created_at, name, updated_at, id) 
    values
        (?, ?, ?, default)
Hibernate: 
    insert 
    into
        users
        (is_active, created_at, email, email_verified, password_hash, role_id, status, updated_at, username, id) 
    values
        (?, ?, ?, ?, ?, ?, ?, ?, ?, default)
Hibernate: 
    insert 
    into
        activities
        (action, created_at, entity_id, entity_type, metadata, user_id, id) 
    values
        (?, ?, ?, ?, ?, ?, default)
Hibernate: 
    select
        a1_0.id,
        a1_0.action,
        a1_0.created_at,
        a1_0.entity_id,
        a1_0.entity_type,
        a1_0.metadata,
        a1_0.user_id 
    from
        activities a1_0
[INFO] Tests run: 7, Failures: 0, Errors: 0, Skipped: 0, Time elapsed: 5.045 s -- in com.sentinelx.activity.service.ActivityServiceTest
[INFO] Running com.sentinelx.alert.controller.AlertControllerTest
2026-04-28T23:35:14.548+05:30  INFO 16508 --- [backend] [           main] t.c.s.AnnotationConfigContextLoaderUtils : Could not detect default configuration classes for test class [com.sentinelx.alert.controller.AlertControllerTest]: AlertControllerTest does not declare any static, non-private, non-final, nested classes annotated with @Configuration.
2026-04-28T23:35:14.695+05:30  INFO 16508 --- [backend] [           main] .b.t.c.SpringBootTestContextBootstrapper : Found @SpringBootConfiguration com.sentinelx.BackendApplication for test class com.sentinelx.alert.controller.AlertControllerTest

  .   ____          _            __ _ _
 /\\ / ___'_ __ _ _(_)_ __  __ _ \ \ \ \
( ( )\___ | '_ | '_| | '_ \/ _` | \ \ \ \
 \\/  ___)| |_)| | | | | || (_| |  ) ) ) )
  '  |____| .__|_| |_|_| |_\__, | / / / /
 =========|_|==============|___/=/_/_/_/

 :: Spring Boot ::               (v3.5.13)

2026-04-28T23:35:14.826+05:30  INFO 16508 --- [backend] [           main] c.s.a.controller.AlertControllerTest     : Starting AlertControllerTest using Java 17.0.18 with PID 16508 (started by dsatk in C:\Users\dsatk\OneDrive\Documents\sentinelX\Sentinel-X\backend)
2026-04-28T23:35:14.827+05:30  INFO 16508 --- [backend] [           main] c.s.a.controller.AlertControllerTest     : The following 1 profile is active: "dev"
2026-04-28T23:35:16.202+05:30  INFO 16508 --- [backend] [           main] .s.d.r.c.RepositoryConfigurationDelegate : Bootstrapping Spring Data JPA repositories in DEFAULT mode.
2026-04-28T23:35:16.466+05:30  INFO 16508 --- [backend] [           main] .s.d.r.c.RepositoryConfigurationDelegate : Finished Spring Data repository scanning in 257 ms. Found 8 JPA repository interfaces.
2026-04-28T23:35:16.962+05:30  INFO 16508 --- [backend] [           main] o.hibernate.jpa.internal.util.LogHelper  : HHH000204: Processing PersistenceUnitInfo [name: default]
2026-04-28T23:35:16.979+05:30  INFO 16508 --- [backend] [           main] o.h.c.internal.RegionFactoryInitiator    : HHH000026: Second-level cache disabled
2026-04-28T23:35:17.035+05:30  INFO 16508 --- [backend] [           main] o.s.o.j.p.SpringPersistenceUnitInfo      : No LoadTimeWeaver setup: ignoring JPA class transformer
2026-04-28T23:35:17.042+05:30  INFO 16508 --- [backend] [           main] com.zaxxer.hikari.HikariDataSource       : HikariPool-2 - Starting...
2026-04-28T23:35:17.047+05:30  INFO 16508 --- [backend] [           main] com.zaxxer.hikari.pool.HikariPool        : HikariPool-2 - Added connection conn21: url=jdbc:h2:mem:alertcontrollertest user=SA
2026-04-28T23:35:17.047+05:30  INFO 16508 --- [backend] [           main] com.zaxxer.hikari.HikariDataSource       : HikariPool-2 - Start completed.
2026-04-28T23:35:17.048+05:30  INFO 16508 --- [backend] [           main] org.hibernate.orm.connections.pooling    : HHH10001005: Database info:
	Database JDBC URL [Connecting through datasource 'HikariDataSource (HikariPool-2)']
	Database driver: undefined/unknown
	Database version: 2.3.232
	Autocommit mode: undefined/unknown
	Isolation level: undefined/unknown
	Minimum pool size: undefined/unknown
	Maximum pool size: undefined/unknown
2026-04-28T23:35:17.394+05:30  INFO 16508 --- [backend] [           main] o.h.e.t.j.p.i.JtaPlatformInitiator       : HHH000489: No JTA platform available (set 'hibernate.transaction.jta.platform' to enable JTA platform integration)
2026-04-28T23:35:17.453+05:30  INFO 16508 --- [backend] [           main] j.LocalContainerEntityManagerFactoryBean : Initialized JPA EntityManagerFactory for persistence unit 'default'
2026-04-28T23:35:18.192+05:30  WARN 16508 --- [backend] [           main] JpaBaseConfiguration$JpaWebConfiguration : spring.jpa.open-in-view is enabled by default. Therefore, database queries may be performed during view rendering. Explicitly configure spring.jpa.open-in-view to disable this warning
2026-04-28T23:35:18.659+05:30  INFO 16508 --- [backend] [           main] r$InitializeUserDetailsManagerConfigurer : Global AuthenticationManager configured with UserDetailsService bean with name customUserDetailsService
2026-04-28T23:35:19.187+05:30  INFO 16508 --- [backend] [           main] o.s.b.t.m.w.SpringBootMockServletContext : Initializing Spring TestDispatcherServlet ''
2026-04-28T23:35:19.188+05:30  INFO 16508 --- [backend] [           main] o.s.t.web.servlet.TestDispatcherServlet  : Initializing Servlet ''
2026-04-28T23:35:19.194+05:30  INFO 16508 --- [backend] [           main] o.s.t.web.servlet.TestDispatcherServlet  : Completed initialization in 6 ms
2026-04-28T23:35:19.218+05:30  INFO 16508 --- [backend] [           main] c.s.a.controller.AlertControllerTest     : Started AlertControllerTest in 4.512 seconds (process running for 45.564)
2026-04-28T23:35:19.243+05:30  INFO 16508 --- [backend] [           main] com.sentinelx.config.SeedDataRunner      : Default roles verified
[INFO] Tests run: 14, Failures: 0, Errors: 0, Skipped: 0, Time elapsed: 9.889 s -- in com.sentinelx.alert.controller.AlertControllerTest
[INFO] Running com.sentinelx.alert.service.AlertServiceTest
2026-04-28T23:35:24.474+05:30  INFO 16508 --- [backend] [           main] t.c.s.AnnotationConfigContextLoaderUtils : Could not detect default configuration classes for test class [com.sentinelx.alert.service.AlertServiceTest]: AlertServiceTest does not declare any static, non-private, non-final, nested classes annotated with @Configuration.
2026-04-28T23:35:24.645+05:30  INFO 16508 --- [backend] [           main] .b.t.c.SpringBootTestContextBootstrapper : Found @SpringBootConfiguration com.sentinelx.BackendApplication for test class com.sentinelx.alert.service.AlertServiceTest

  .   ____          _            __ _ _
 /\\ / ___'_ __ _ _(_)_ __  __ _ \ \ \ \
( ( )\___ | '_ | '_| | '_ \/ _` | \ \ \ \
 \\/  ___)| |_)| | | | | || (_| |  ) ) ) )
  '  |____| .__|_| |_|_| |_\__, | / / / /
 =========|_|==============|___/=/_/_/_/

 :: Spring Boot ::               (v3.5.13)

2026-04-28T23:35:24.781+05:30  INFO 16508 --- [backend] [           main] c.s.alert.service.AlertServiceTest       : Starting AlertServiceTest using Java 17.0.18 with PID 16508 (started by dsatk in C:\Users\dsatk\OneDrive\Documents\sentinelX\Sentinel-X\backend)
2026-04-28T23:35:24.783+05:30  INFO 16508 --- [backend] [           main] c.s.alert.service.AlertServiceTest       : The following 1 profile is active: "dev"
2026-04-28T23:35:26.801+05:30  INFO 16508 --- [backend] [           main] .s.d.r.c.RepositoryConfigurationDelegate : Bootstrapping Spring Data JPA repositories in DEFAULT mode.
2026-04-28T23:35:27.398+05:30  INFO 16508 --- [backend] [           main] .s.d.r.c.RepositoryConfigurationDelegate : Finished Spring Data repository scanning in 593 ms. Found 8 JPA repository interfaces.
2026-04-28T23:35:29.538+05:30  INFO 16508 --- [backend] [           main] o.hibernate.jpa.internal.util.LogHelper  : HHH000204: Processing PersistenceUnitInfo [name: default]
2026-04-28T23:35:29.574+05:30  INFO 16508 --- [backend] [           main] o.h.c.internal.RegionFactoryInitiator    : HHH000026: Second-level cache disabled
2026-04-28T23:35:29.692+05:30  INFO 16508 --- [backend] [           main] o.s.o.j.p.SpringPersistenceUnitInfo      : No LoadTimeWeaver setup: ignoring JPA class transformer
2026-04-28T23:35:29.719+05:30  INFO 16508 --- [backend] [           main] com.zaxxer.hikari.HikariDataSource       : HikariPool-3 - Starting...
2026-04-28T23:35:29.773+05:30  INFO 16508 --- [backend] [           main] com.zaxxer.hikari.pool.HikariPool        : HikariPool-3 - Added connection conn31: url=jdbc:h2:mem:alertservicetest user=SA
2026-04-28T23:35:29.774+05:30  INFO 16508 --- [backend] [           main] com.zaxxer.hikari.HikariDataSource       : HikariPool-3 - Start completed.
2026-04-28T23:35:29.787+05:30  INFO 16508 --- [backend] [           main] org.hibernate.orm.connections.pooling    : HHH10001005: Database info:
	Database JDBC URL [Connecting through datasource 'HikariDataSource (HikariPool-3)']
	Database driver: undefined/unknown
	Database version: 2.3.232
	Autocommit mode: undefined/unknown
	Isolation level: undefined/unknown
	Minimum pool size: undefined/unknown
	Maximum pool size: undefined/unknown
2026-04-28T23:35:30.439+05:30  INFO 16508 --- [backend] [           main] o.h.e.t.j.p.i.JtaPlatformInitiator       : HHH000489: No JTA platform available (set 'hibernate.transaction.jta.platform' to enable JTA platform integration)
2026-04-28T23:35:30.574+05:30  INFO 16508 --- [backend] [           main] j.LocalContainerEntityManagerFactoryBean : Initialized JPA EntityManagerFactory for persistence unit 'default'
2026-04-28T23:35:32.991+05:30  WARN 16508 --- [backend] [           main] JpaBaseConfiguration$JpaWebConfiguration : spring.jpa.open-in-view is enabled by default. Therefore, database queries may be performed during view rendering. Explicitly configure spring.jpa.open-in-view to disable this warning
2026-04-28T23:35:34.026+05:30  INFO 16508 --- [backend] [           main] r$InitializeUserDetailsManagerConfigurer : Global AuthenticationManager configured with UserDetailsService bean with name customUserDetailsService
2026-04-28T23:35:35.292+05:30  INFO 16508 --- [backend] [           main] c.s.alert.service.AlertServiceTest       : Started AlertServiceTest in 10.626 seconds (process running for 61.639)
2026-04-28T23:35:35.372+05:30  INFO 16508 --- [backend] [           main] com.sentinelx.config.SeedDataRunner      : Default roles verified
[INFO] Tests run: 15, Failures: 0, Errors: 0, Skipped: 0, Time elapsed: 12.73 s -- in com.sentinelx.alert.service.AlertServiceTest
[INFO] Running com.sentinelx.auth.authorization.AuthorizationRulesTest
2026-04-28T23:35:37.257+05:30  INFO 16508 --- [backend] [           main] t.c.s.AnnotationConfigContextLoaderUtils : Could not detect default configuration classes for test class [com.sentinelx.auth.authorization.AuthorizationRulesTest]: AuthorizationRulesTest does not declare any static, non-private, non-final, nested classes annotated with @Configuration.
2026-04-28T23:35:37.538+05:30  INFO 16508 --- [backend] [           main] .b.t.c.SpringBootTestContextBootstrapper : Found @SpringBootConfiguration com.sentinelx.BackendApplication for test class com.sentinelx.auth.authorization.AuthorizationRulesTest

  .   ____          _            __ _ _
 /\\ / ___'_ __ _ _(_)_ __  __ _ \ \ \ \
( ( )\___ | '_ | '_| | '_ \/ _` | \ \ \ \
 \\/  ___)| |_)| | | | | || (_| |  ) ) ) )
  '  |____| .__|_| |_|_| |_\__, | / / / /
 =========|_|==============|___/=/_/_/_/

 :: Spring Boot ::               (v3.5.13)

2026-04-28T23:35:37.784+05:30  INFO 16508 --- [backend] [           main] c.s.a.a.AuthorizationRulesTest           : Starting AuthorizationRulesTest using Java 17.0.18 with PID 16508 (started by dsatk in C:\Users\dsatk\OneDrive\Documents\sentinelX\Sentinel-X\backend)
2026-04-28T23:35:37.785+05:30  INFO 16508 --- [backend] [           main] c.s.a.a.AuthorizationRulesTest           : The following 1 profile is active: "dev"
2026-04-28T23:35:41.210+05:30  INFO 16508 --- [backend] [           main] .s.d.r.c.RepositoryConfigurationDelegate : Bootstrapping Spring Data JPA repositories in DEFAULT mode.
2026-04-28T23:35:41.545+05:30  INFO 16508 --- [backend] [           main] .s.d.r.c.RepositoryConfigurationDelegate : Finished Spring Data repository scanning in 320 ms. Found 8 JPA repository interfaces.
2026-04-28T23:35:42.147+05:30  INFO 16508 --- [backend] [           main] o.hibernate.jpa.internal.util.LogHelper  : HHH000204: Processing PersistenceUnitInfo [name: default]
2026-04-28T23:35:42.167+05:30  INFO 16508 --- [backend] [           main] o.h.c.internal.RegionFactoryInitiator    : HHH000026: Second-level cache disabled
2026-04-28T23:35:42.257+05:30  INFO 16508 --- [backend] [           main] o.s.o.j.p.SpringPersistenceUnitInfo      : No LoadTimeWeaver setup: ignoring JPA class transformer
2026-04-28T23:35:42.261+05:30  INFO 16508 --- [backend] [           main] com.zaxxer.hikari.HikariDataSource       : HikariPool-4 - Starting...
2026-04-28T23:35:42.274+05:30  INFO 16508 --- [backend] [           main] com.zaxxer.hikari.pool.HikariPool        : HikariPool-4 - Added connection conn41: url=jdbc:h2:mem:authorizationrulestest user=SA
2026-04-28T23:35:42.275+05:30  INFO 16508 --- [backend] [           main] com.zaxxer.hikari.HikariDataSource       : HikariPool-4 - Start completed.
2026-04-28T23:35:42.277+05:30  INFO 16508 --- [backend] [           main] org.hibernate.orm.connections.pooling    : HHH10001005: Database info:
	Database JDBC URL [Connecting through datasource 'HikariDataSource (HikariPool-4)']
	Database driver: undefined/unknown
	Database version: 2.3.232
	Autocommit mode: undefined/unknown
	Isolation level: undefined/unknown
	Minimum pool size: undefined/unknown
	Maximum pool size: undefined/unknown
2026-04-28T23:35:42.731+05:30  INFO 16508 --- [backend] [           main] o.h.e.t.j.p.i.JtaPlatformInitiator       : HHH000489: No JTA platform available (set 'hibernate.transaction.jta.platform' to enable JTA platform integration)
2026-04-28T23:35:42.814+05:30  INFO 16508 --- [backend] [           main] j.LocalContainerEntityManagerFactoryBean : Initialized JPA EntityManagerFactory for persistence unit 'default'
2026-04-28T23:35:43.746+05:30  WARN 16508 --- [backend] [           main] JpaBaseConfiguration$JpaWebConfiguration : spring.jpa.open-in-view is enabled by default. Therefore, database queries may be performed during view rendering. Explicitly configure spring.jpa.open-in-view to disable this warning
2026-04-28T23:35:44.197+05:30  INFO 16508 --- [backend] [           main] r$InitializeUserDetailsManagerConfigurer : Global AuthenticationManager configured with UserDetailsService bean with name customUserDetailsService
2026-04-28T23:35:44.719+05:30  INFO 16508 --- [backend] [           main] o.s.b.t.m.w.SpringBootMockServletContext : Initializing Spring TestDispatcherServlet ''
2026-04-28T23:35:44.720+05:30  INFO 16508 --- [backend] [           main] o.s.t.web.servlet.TestDispatcherServlet  : Initializing Servlet ''
2026-04-28T23:35:44.725+05:30  INFO 16508 --- [backend] [           main] o.s.t.web.servlet.TestDispatcherServlet  : Completed initialization in 3 ms
2026-04-28T23:35:44.753+05:30  INFO 16508 --- [backend] [           main] c.s.a.a.AuthorizationRulesTest           : Started AuthorizationRulesTest in 7.197 seconds (process running for 71.099)
2026-04-28T23:35:44.781+05:30  INFO 16508 --- [backend] [           main] com.sentinelx.config.SeedDataRunner      : Default roles verified
2026-04-28T23:35:46.520+05:30  WARN 16508 --- [backend] [           main] ration$PageModule$WarningLoggingModifier : Serializing PageImpl instances as-is is not supported, meaning that there is no guarantee about the stability of the resulting JSON structure!
	For a stable JSON structure, please use Spring Data's PagedModel (globally via @EnableSpringDataWebSupport(pageSerializationMode = VIA_DTO))
	or Spring HATEOAS and Spring Data's PagedResourcesAssembler as documented in https://docs.spring.io/spring-data/commons/reference/repositories/core-extensions.html#core.web.pageables.

[INFO] Tests run: 5, Failures: 0, Errors: 0, Skipped: 0, Time elapsed: 10.83 s -- in com.sentinelx.auth.authorization.AuthorizationRulesTest
[INFO] Running com.sentinelx.auth.controller.AuthControllerTest
2026-04-28T23:35:48.064+05:30  INFO 16508 --- [backend] [           main] t.c.s.AnnotationConfigContextLoaderUtils : Could not detect default configuration classes for test class [com.sentinelx.auth.controller.AuthControllerTest]: AuthControllerTest does not declare any static, non-private, non-final, nested classes annotated with @Configuration.
2026-04-28T23:35:48.296+05:30  INFO 16508 --- [backend] [           main] .b.t.c.SpringBootTestContextBootstrapper : Found @SpringBootConfiguration com.sentinelx.BackendApplication for test class com.sentinelx.auth.controller.AuthControllerTest

  .   ____          _            __ _ _
 /\\ / ___'_ __ _ _(_)_ __  __ _ \ \ \ \
( ( )\___ | '_ | '_| | '_ \/ _` | \ \ \ \
 \\/  ___)| |_)| | | | | || (_| |  ) ) ) )
  '  |____| .__|_| |_|_| |_\__, | / / / /
 =========|_|==============|___/=/_/_/_/

 :: Spring Boot ::               (v3.5.13)

2026-04-28T23:35:48.411+05:30  INFO 16508 --- [backend] [           main] c.s.auth.controller.AuthControllerTest   : Starting AuthControllerTest using Java 17.0.18 with PID 16508 (started by dsatk in C:\Users\dsatk\OneDrive\Documents\sentinelX\Sentinel-X\backend)
2026-04-28T23:35:48.412+05:30  INFO 16508 --- [backend] [           main] c.s.auth.controller.AuthControllerTest   : The following 1 profile is active: "dev"
2026-04-28T23:35:51.246+05:30  INFO 16508 --- [backend] [           main] .s.d.r.c.RepositoryConfigurationDelegate : Bootstrapping Spring Data JPA repositories in DEFAULT mode.
2026-04-28T23:35:51.813+05:30  INFO 16508 --- [backend] [           main] .s.d.r.c.RepositoryConfigurationDelegate : Finished Spring Data repository scanning in 563 ms. Found 8 JPA repository interfaces.
2026-04-28T23:35:52.634+05:30  INFO 16508 --- [backend] [           main] o.hibernate.jpa.internal.util.LogHelper  : HHH000204: Processing PersistenceUnitInfo [name: default]
2026-04-28T23:35:52.741+05:30  INFO 16508 --- [backend] [           main] o.h.c.internal.RegionFactoryInitiator    : HHH000026: Second-level cache disabled
2026-04-28T23:35:52.882+05:30  INFO 16508 --- [backend] [           main] o.s.o.j.p.SpringPersistenceUnitInfo      : No LoadTimeWeaver setup: ignoring JPA class transformer
2026-04-28T23:35:52.888+05:30  INFO 16508 --- [backend] [           main] com.zaxxer.hikari.HikariDataSource       : HikariPool-5 - Starting...
2026-04-28T23:35:52.894+05:30  INFO 16508 --- [backend] [           main] com.zaxxer.hikari.pool.HikariPool        : HikariPool-5 - Added connection conn51: url=jdbc:h2:mem:authcontrollertest user=SA
2026-04-28T23:35:52.895+05:30  INFO 16508 --- [backend] [           main] com.zaxxer.hikari.HikariDataSource       : HikariPool-5 - Start completed.
2026-04-28T23:35:52.897+05:30  INFO 16508 --- [backend] [           main] org.hibernate.orm.connections.pooling    : HHH10001005: Database info:
	Database JDBC URL [Connecting through datasource 'HikariDataSource (HikariPool-5)']
	Database driver: undefined/unknown
	Database version: 2.3.232
	Autocommit mode: undefined/unknown
	Isolation level: undefined/unknown
	Minimum pool size: undefined/unknown
	Maximum pool size: undefined/unknown
2026-04-28T23:35:53.397+05:30  INFO 16508 --- [backend] [           main] o.h.e.t.j.p.i.JtaPlatformInitiator       : HHH000489: No JTA platform available (set 'hibernate.transaction.jta.platform' to enable JTA platform integration)
2026-04-28T23:35:53.493+05:30  INFO 16508 --- [backend] [           main] j.LocalContainerEntityManagerFactoryBean : Initialized JPA EntityManagerFactory for persistence unit 'default'
2026-04-28T23:35:54.288+05:30  WARN 16508 --- [backend] [           main] JpaBaseConfiguration$JpaWebConfiguration : spring.jpa.open-in-view is enabled by default. Therefore, database queries may be performed during view rendering. Explicitly configure spring.jpa.open-in-view to disable this warning
2026-04-28T23:35:54.800+05:30  INFO 16508 --- [backend] [           main] r$InitializeUserDetailsManagerConfigurer : Global AuthenticationManager configured with UserDetailsService bean with name customUserDetailsService
2026-04-28T23:35:55.200+05:30  INFO 16508 --- [backend] [           main] o.s.b.t.m.w.SpringBootMockServletContext : Initializing Spring TestDispatcherServlet ''
2026-04-28T23:35:55.200+05:30  INFO 16508 --- [backend] [           main] o.s.t.web.servlet.TestDispatcherServlet  : Initializing Servlet ''
2026-04-28T23:35:55.205+05:30  INFO 16508 --- [backend] [           main] o.s.t.web.servlet.TestDispatcherServlet  : Completed initialization in 5 ms
2026-04-28T23:35:55.243+05:30  INFO 16508 --- [backend] [           main] c.s.auth.controller.AuthControllerTest   : Started AuthControllerTest in 6.936 seconds (process running for 81.588)
2026-04-28T23:35:55.281+05:30  INFO 16508 --- [backend] [           main] com.sentinelx.config.SeedDataRunner      : Default roles verified
2026-04-28T23:35:55.531+05:30  INFO 16508 --- [backend] [           main] c.sentinelx.auth.email.DevEmailService   : Verification email queued for alice@example.com with link /api/auth/verify-email?token=d83df704-8507-4db7-afe7-04d2c51ff9b4
2026-04-28T23:35:55.728+05:30  INFO 16508 --- [backend] [           main] c.sentinelx.auth.email.DevEmailService   : Verification email queued for expired@example.com with link /api/auth/verify-email?token=f3abf30c-4c90-49b8-900d-b46be2237a6c
2026-04-28T23:35:56.208+05:30  INFO 16508 --- [backend] [           main] c.sentinelx.auth.email.DevEmailService   : Verification email queued for revoked@example.com with link /api/auth/verify-email?token=8774c6ac-ebbf-4cd9-a4e6-fbe6aa7eb0f6
2026-04-28T23:35:56.535+05:30  INFO 16508 --- [backend] [           main] c.sentinelx.auth.email.DevEmailService   : Verification email queued for bob@example.com with link /api/auth/verify-email?token=3f055874-cbef-4030-b9d5-baf8a69cfb62
2026-04-28T23:35:56.858+05:30  INFO 16508 --- [backend] [           main] c.sentinelx.auth.email.DevEmailService   : Verification email queued for charlie@example.com with link /api/auth/verify-email?token=98d5cd0b-81e2-4e80-aed3-b776c7c931e7
2026-04-28T23:35:57.164+05:30  INFO 16508 --- [backend] [           main] c.sentinelx.auth.email.DevEmailService   : Verification email queued for dup@example.com with link /api/auth/verify-email?token=f2cf7104-364a-48b4-9afe-a972fff944f5
2026-04-28T23:35:57.332+05:30  INFO 16508 --- [backend] [           main] c.sentinelx.auth.email.DevEmailService   : Verification email queued for refresh@example.com with link /api/auth/verify-email?token=93ff119e-0458-4cb0-9b79-a69e1ad50503
2026-04-28T23:35:57.681+05:30  INFO 16508 --- [backend] [           main] c.sentinelx.auth.email.DevEmailService   : Verification email queued for logout@example.com with link /api/auth/verify-email?token=2dcf9881-d90c-45df-8f6e-bc4cd5a69249
[INFO] Tests run: 10, Failures: 0, Errors: 0, Skipped: 0, Time elapsed: 9.831 s -- in com.sentinelx.auth.controller.AuthControllerTest
[INFO] Running com.sentinelx.auth.jwt.JwtAuthenticationFilterTest
[INFO] Tests run: 3, Failures: 0, Errors: 0, Skipped: 0, Time elapsed: 0.646 s -- in com.sentinelx.auth.jwt.JwtAuthenticationFilterTest
[INFO] Running com.sentinelx.auth.jwt.JwtTokenProviderTest
[INFO] Tests run: 1, Failures: 0, Errors: 0, Skipped: 0, Time elapsed: 0.015 s -- in com.sentinelx.auth.jwt.JwtTokenProviderTest
[INFO] Running com.sentinelx.auth.refresh.RefreshTokenServiceTest
2026-04-28T23:35:58.606+05:30  INFO 16508 --- [backend] [           main] t.c.s.AnnotationConfigContextLoaderUtils : Could not detect default configuration classes for test class [com.sentinelx.auth.refresh.RefreshTokenServiceTest]: RefreshTokenServiceTest does not declare any static, non-private, non-final, nested classes annotated with @Configuration.
2026-04-28T23:35:58.845+05:30  INFO 16508 --- [backend] [           main] .b.t.c.SpringBootTestContextBootstrapper : Found @SpringBootConfiguration com.sentinelx.BackendApplication for test class com.sentinelx.auth.refresh.RefreshTokenServiceTest

  .   ____          _            __ _ _
 /\\ / ___'_ __ _ _(_)_ __  __ _ \ \ \ \
( ( )\___ | '_ | '_| | '_ \/ _` | \ \ \ \
 \\/  ___)| |_)| | | | | || (_| |  ) ) ) )
  '  |____| .__|_| |_|_| |_\__, | / / / /
 =========|_|==============|___/=/_/_/_/

 :: Spring Boot ::               (v3.5.13)

2026-04-28T23:35:59.012+05:30  INFO 16508 --- [backend] [           main] c.s.a.refresh.RefreshTokenServiceTest    : Starting RefreshTokenServiceTest using Java 17.0.18 with PID 16508 (started by dsatk in C:\Users\dsatk\OneDrive\Documents\sentinelX\Sentinel-X\backend)
2026-04-28T23:35:59.012+05:30  INFO 16508 --- [backend] [           main] c.s.a.refresh.RefreshTokenServiceTest    : The following 1 profile is active: "dev"
2026-04-28T23:35:59.780+05:30  INFO 16508 --- [backend] [           main] .s.d.r.c.RepositoryConfigurationDelegate : Bootstrapping Spring Data JPA repositories in DEFAULT mode.
2026-04-28T23:36:00.227+05:30  INFO 16508 --- [backend] [           main] .s.d.r.c.RepositoryConfigurationDelegate : Finished Spring Data repository scanning in 441 ms. Found 8 JPA repository interfaces.
2026-04-28T23:36:00.335+05:30  INFO 16508 --- [backend] [           main] beddedDataSourceBeanFactoryPostProcessor : Replacing 'dataSource' DataSource bean with embedded version
2026-04-28T23:36:00.459+05:30  INFO 16508 --- [backend] [           main] o.s.j.d.e.EmbeddedDatabaseFactory        : Starting embedded database: url='jdbc:h2:mem:037b7050-2a54-4e55-b6ff-e95e809183ac;DB_CLOSE_DELAY=-1;DB_CLOSE_ON_EXIT=false', username='sa'
2026-04-28T23:36:00.668+05:30  INFO 16508 --- [backend] [           main] o.hibernate.jpa.internal.util.LogHelper  : HHH000204: Processing PersistenceUnitInfo [name: default]
2026-04-28T23:36:00.700+05:30  INFO 16508 --- [backend] [           main] o.h.c.internal.RegionFactoryInitiator    : HHH000026: Second-level cache disabled
2026-04-28T23:36:00.819+05:30  INFO 16508 --- [backend] [           main] o.s.o.j.p.SpringPersistenceUnitInfo      : No LoadTimeWeaver setup: ignoring JPA class transformer
2026-04-28T23:36:00.831+05:30  INFO 16508 --- [backend] [           main] org.hibernate.orm.connections.pooling    : HHH10001005: Database info:
	Database JDBC URL [Connecting through datasource 'org.springframework.jdbc.datasource.embedded.EmbeddedDatabaseFactory$EmbeddedDataSourceProxy@4fb63dde']
	Database driver: undefined/unknown
	Database version: 2.3.232
	Autocommit mode: undefined/unknown
	Isolation level: undefined/unknown
	Minimum pool size: undefined/unknown
	Maximum pool size: undefined/unknown
2026-04-28T23:36:01.284+05:30  INFO 16508 --- [backend] [           main] o.h.e.t.j.p.i.JtaPlatformInitiator       : HHH000489: No JTA platform available (set 'hibernate.transaction.jta.platform' to enable JTA platform integration)
Hibernate: 
    drop table if exists activities cascade 
Hibernate: 
    drop table if exists alerts cascade 
Hibernate: 
    drop table if exists email_verification_tokens cascade 
Hibernate: 
    drop table if exists password_reset_tokens cascade 
Hibernate: 
    drop table if exists refresh_tokens cascade 
Hibernate: 
    drop table if exists risk_scores cascade 
Hibernate: 
    drop table if exists roles cascade 
Hibernate: 
    drop table if exists users cascade 
Hibernate: 
    create table activities (
        created_at timestamp(6) not null,
        id bigint generated by default as identity,
        user_id bigint not null,
        action varchar(100) not null,
        entity_id varchar(100) not null,
        entity_type varchar(100) not null,
        metadata TEXT,
        primary key (id)
    )
Hibernate: 
    create table alerts (
        assigned_to_user_id bigint,
        created_at timestamp(6) not null,
        id bigint generated by default as identity,
        risk_score_id bigint,
        updated_at timestamp(6) not null,
        user_id bigint not null,
        message TEXT not null,
        severity enum ('CRITICAL','HIGH','LOW','MEDIUM') not null,
        status enum ('ACKNOWLEDGED','OPEN','RESOLVED','UNDER_INVESTIGATION') not null,
        primary key (id)
    )
Hibernate: 
    create table email_verification_tokens (
        used boolean not null,
        expiry_date timestamp(6) not null,
        id bigint generated by default as identity,
        user_id bigint not null,
        token varchar(255) not null unique,
        primary key (id)
    )
Hibernate: 
    create table password_reset_tokens (
        used boolean not null,
        created_at timestamp(6) not null,
        expiry_date timestamp(6) not null,
        id bigint generated by default as identity,
        user_id bigint not null,
        token varchar(255) not null unique,
        primary key (id)
    )
Hibernate: 
    create table refresh_tokens (
        revoked boolean not null,
        created_at timestamp(6) not null,
        expiry_date timestamp(6) not null,
        id bigint generated by default as identity,
        user_id bigint not null,
        token varchar(255) not null unique,
        primary key (id)
    )
Hibernate: 
    create table risk_scores (
        score integer not null,
        calculated_at timestamp(6) not null,
        id bigint generated by default as identity,
        user_id bigint not null,
        reason varchar(255) not null,
        primary key (id)
    )
Hibernate: 
    create table roles (
        created_at timestamp(6) not null,
        id bigint generated by default as identity,
        updated_at timestamp(6) not null,
        name enum ('ADMIN','ANALYST','EMPLOYEE') not null unique,
        primary key (id)
    )
Hibernate: 
    create table users (
        email_verified boolean not null,
        is_active boolean not null,
        created_at timestamp(6) not null,
        id bigint generated by default as identity,
        role_id bigint not null,
        updated_at timestamp(6) not null,
        username varchar(100) not null unique,
        email varchar(255) not null unique,
        password_hash varchar(255) not null,
        status enum ('ACTIVE','INACTIVE','SUSPENDED') not null,
        primary key (id)
    )
Hibernate: 
    alter table if exists activities 
       add constraint FKq6cjukylkgxdjkm9npk9va2f2 
       foreign key (user_id) 
       references users
Hibernate: 
    alter table if exists alerts 
       add constraint FK9mnby6wvix6n81vjldldamti6 
       foreign key (assigned_to_user_id) 
       references users
Hibernate: 
    alter table if exists alerts 
       add constraint FK2ascwnfekk1us1gj7i09blwio 
       foreign key (risk_score_id) 
       references risk_scores
Hibernate: 
    alter table if exists alerts 
       add constraint FKqx4kjyy8qmc38cpa1pj5gp74i 
       foreign key (user_id) 
       references users
Hibernate: 
    alter table if exists email_verification_tokens 
       add constraint FKi1c4mmamlb8keqt74k4lrtwhc 
       foreign key (user_id) 
       references users
Hibernate: 
    alter table if exists password_reset_tokens 
       add constraint FKk3ndxg5xp6v7wd4gjyusp15gq 
       foreign key (user_id) 
       references users
Hibernate: 
    alter table if exists refresh_tokens 
       add constraint FK1lih5y2npsf8u5o3vhdb9y0os 
       foreign key (user_id) 
       references users
Hibernate: 
    alter table if exists risk_scores 
       add constraint FK44bqnlm9ptd6islo65yl39fyc 
       foreign key (user_id) 
       references users
Hibernate: 
    alter table if exists users 
       add constraint FKp56c1712k691lhsyewcssf40f 
       foreign key (role_id) 
       references roles
2026-04-28T23:36:01.357+05:30  INFO 16508 --- [backend] [           main] j.LocalContainerEntityManagerFactoryBean : Initialized JPA EntityManagerFactory for persistence unit 'default'
2026-04-28T23:36:02.050+05:30  INFO 16508 --- [backend] [           main] c.s.a.refresh.RefreshTokenServiceTest    : Started RefreshTokenServiceTest in 3.173 seconds (process running for 88.395)
Hibernate: 
    select
        rt1_0.id,
        rt1_0.created_at,
        rt1_0.expiry_date,
        rt1_0.revoked,
        rt1_0.token,
        rt1_0.user_id 
    from
        refresh_tokens rt1_0 
    where
        rt1_0.token=?
Hibernate: 
    insert 
    into
        roles
        (created_at, name, updated_at, id) 
    values
        (?, ?, ?, default)
Hibernate: 
    insert 
    into
        users
        (is_active, created_at, email, email_verified, password_hash, role_id, status, updated_at, username, id) 
    values
        (?, ?, ?, ?, ?, ?, ?, ?, ?, default)
Hibernate: 
    insert 
    into
        refresh_tokens
        (created_at, expiry_date, revoked, token, user_id, id) 
    values
        (?, ?, ?, ?, ?, default)
Hibernate: 
    select
        rt1_0.id,
        rt1_0.created_at,
        rt1_0.expiry_date,
        rt1_0.revoked,
        rt1_0.token,
        rt1_0.user_id 
    from
        refresh_tokens rt1_0 
    where
        rt1_0.token=?
Hibernate: 
    insert 
    into
        roles
        (created_at, name, updated_at, id) 
    values
        (?, ?, ?, default)
Hibernate: 
    insert 
    into
        users
        (is_active, created_at, email, email_verified, password_hash, role_id, status, updated_at, username, id) 
    values
        (?, ?, ?, ?, ?, ?, ?, ?, ?, default)
Hibernate: 
    insert 
    into
        refresh_tokens
        (created_at, expiry_date, revoked, token, user_id, id) 
    values
        (?, ?, ?, ?, ?, default)
Hibernate: 
    insert 
    into
        roles
        (created_at, name, updated_at, id) 
    values
        (?, ?, ?, default)
Hibernate: 
    insert 
    into
        users
        (is_active, created_at, email, email_verified, password_hash, role_id, status, updated_at, username, id) 
    values
        (?, ?, ?, ?, ?, ?, ?, ?, ?, default)
Hibernate: 
    insert 
    into
        refresh_tokens
        (created_at, expiry_date, revoked, token, user_id, id) 
    values
        (?, ?, ?, ?, ?, default)
Hibernate: 
    select
        rt1_0.id,
        rt1_0.created_at,
        rt1_0.expiry_date,
        rt1_0.revoked,
        rt1_0.token,
        rt1_0.user_id 
    from
        refresh_tokens rt1_0 
    where
        rt1_0.token=?
Hibernate: 
    insert 
    into
        refresh_tokens
        (created_at, expiry_date, revoked, token, user_id, id) 
    values
        (?, ?, ?, ?, ?, default)
Hibernate: 
    update
        refresh_tokens 
    set
        created_at=?,
        expiry_date=?,
        revoked=?,
        token=?,
        user_id=? 
    where
        id=?
Hibernate: 
    select
        rt1_0.id,
        rt1_0.created_at,
        rt1_0.expiry_date,
        rt1_0.revoked,
        rt1_0.token,
        rt1_0.user_id 
    from
        refresh_tokens rt1_0 
    where
        rt1_0.token=?
Hibernate: 
    select
        rt1_0.id,
        rt1_0.created_at,
        rt1_0.expiry_date,
        rt1_0.revoked,
        rt1_0.token,
        rt1_0.user_id 
    from
        refresh_tokens rt1_0 
    where
        rt1_0.token=?
Hibernate: 
    insert 
    into
        roles
        (created_at, name, updated_at, id) 
    values
        (?, ?, ?, default)
Hibernate: 
    insert 
    into
        users
        (is_active, created_at, email, email_verified, password_hash, role_id, status, updated_at, username, id) 
    values
        (?, ?, ?, ?, ?, ?, ?, ?, ?, default)
Hibernate: 
    insert 
    into
        refresh_tokens
        (created_at, expiry_date, revoked, token, user_id, id) 
    values
        (?, ?, ?, ?, ?, default)
Hibernate: 
    select
        rt1_0.id,
        rt1_0.created_at,
        rt1_0.expiry_date,
        rt1_0.revoked,
        rt1_0.token,
        rt1_0.user_id 
    from
        refresh_tokens rt1_0 
    where
        rt1_0.token=?
Hibernate: 
    insert 
    into
        roles
        (created_at, name, updated_at, id) 
    values
        (?, ?, ?, default)
Hibernate: 
    insert 
    into
        users
        (is_active, created_at, email, email_verified, password_hash, role_id, status, updated_at, username, id) 
    values
        (?, ?, ?, ?, ?, ?, ?, ?, ?, default)
Hibernate: 
    insert 
    into
        refresh_tokens
        (created_at, expiry_date, revoked, token, user_id, id) 
    values
        (?, ?, ?, ?, ?, default)
Hibernate: 
    insert 
    into
        refresh_tokens
        (created_at, expiry_date, revoked, token, user_id, id) 
    values
        (?, ?, ?, ?, ?, default)
Hibernate: 
    select
        rt1_0.id,
        rt1_0.created_at,
        rt1_0.expiry_date,
        rt1_0.revoked,
        rt1_0.token,
        rt1_0.user_id 
    from
        refresh_tokens rt1_0 
    where
        rt1_0.user_id=?
Hibernate: 
    update
        refresh_tokens 
    set
        created_at=?,
        expiry_date=?,
        revoked=?,
        token=?,
        user_id=? 
    where
        id=?
Hibernate: 
    update
        refresh_tokens 
    set
        created_at=?,
        expiry_date=?,
        revoked=?,
        token=?,
        user_id=? 
    where
        id=?
Hibernate: 
    select
        rt1_0.id,
        rt1_0.created_at,
        rt1_0.expiry_date,
        rt1_0.revoked,
        rt1_0.token,
        rt1_0.user_id 
    from
        refresh_tokens rt1_0 
    where
        rt1_0.user_id=?
[INFO] Tests run: 6, Failures: 0, Errors: 0, Skipped: 0, Time elapsed: 3.816 s -- in com.sentinelx.auth.refresh.RefreshTokenServiceTest
[INFO] Running com.sentinelx.auth.security.CustomUserDetailsServiceTest
2026-04-28T23:36:02.406+05:30  INFO 16508 --- [backend] [           main] t.c.s.AnnotationConfigContextLoaderUtils : Could not detect default configuration classes for test class [com.sentinelx.auth.security.CustomUserDetailsServiceTest]: CustomUserDetailsServiceTest does not declare any static, non-private, non-final, nested classes annotated with @Configuration.
2026-04-28T23:36:02.657+05:30  INFO 16508 --- [backend] [           main] .b.t.c.SpringBootTestContextBootstrapper : Found @SpringBootConfiguration com.sentinelx.BackendApplication for test class com.sentinelx.auth.security.CustomUserDetailsServiceTest

  .   ____          _            __ _ _
 /\\ / ___'_ __ _ _(_)_ __  __ _ \ \ \ \
( ( )\___ | '_ | '_| | '_ \/ _` | \ \ \ \
 \\/  ___)| |_)| | | | | || (_| |  ) ) ) )
  '  |____| .__|_| |_|_| |_\__, | / / / /
 =========|_|==============|___/=/_/_/_/

 :: Spring Boot ::               (v3.5.13)

2026-04-28T23:36:02.790+05:30  INFO 16508 --- [backend] [           main] c.s.a.s.CustomUserDetailsServiceTest     : Starting CustomUserDetailsServiceTest using Java 17.0.18 with PID 16508 (started by dsatk in C:\Users\dsatk\OneDrive\Documents\sentinelX\Sentinel-X\backend)
2026-04-28T23:36:02.791+05:30  INFO 16508 --- [backend] [           main] c.s.a.s.CustomUserDetailsServiceTest     : The following 1 profile is active: "test"
2026-04-28T23:36:03.542+05:30  INFO 16508 --- [backend] [           main] .s.d.r.c.RepositoryConfigurationDelegate : Bootstrapping Spring Data JPA repositories in DEFAULT mode.
2026-04-28T23:36:03.996+05:30  INFO 16508 --- [backend] [           main] .s.d.r.c.RepositoryConfigurationDelegate : Finished Spring Data repository scanning in 447 ms. Found 8 JPA repository interfaces.
2026-04-28T23:36:04.056+05:30  INFO 16508 --- [backend] [           main] beddedDataSourceBeanFactoryPostProcessor : Replacing 'dataSource' DataSource bean with embedded version
2026-04-28T23:36:04.130+05:30  INFO 16508 --- [backend] [           main] o.s.j.d.e.EmbeddedDatabaseFactory        : Starting embedded database: url='jdbc:h2:mem:7b799398-fc74-4844-9f8b-8b23935bd549;DB_CLOSE_DELAY=-1;DB_CLOSE_ON_EXIT=false', username='sa'
2026-04-28T23:36:04.285+05:30  INFO 16508 --- [backend] [           main] o.hibernate.jpa.internal.util.LogHelper  : HHH000204: Processing PersistenceUnitInfo [name: default]
2026-04-28T23:36:04.302+05:30  INFO 16508 --- [backend] [           main] o.h.c.internal.RegionFactoryInitiator    : HHH000026: Second-level cache disabled
2026-04-28T23:36:04.367+05:30  INFO 16508 --- [backend] [           main] o.s.o.j.p.SpringPersistenceUnitInfo      : No LoadTimeWeaver setup: ignoring JPA class transformer
2026-04-28T23:36:04.375+05:30  INFO 16508 --- [backend] [           main] org.hibernate.orm.connections.pooling    : HHH10001005: Database info:
	Database JDBC URL [Connecting through datasource 'org.springframework.jdbc.datasource.embedded.EmbeddedDatabaseFactory$EmbeddedDataSourceProxy@4a29521']
	Database driver: undefined/unknown
	Database version: 2.3.232
	Autocommit mode: undefined/unknown
	Isolation level: undefined/unknown
	Minimum pool size: undefined/unknown
	Maximum pool size: undefined/unknown
2026-04-28T23:36:04.710+05:30  INFO 16508 --- [backend] [           main] o.h.e.t.j.p.i.JtaPlatformInitiator       : HHH000489: No JTA platform available (set 'hibernate.transaction.jta.platform' to enable JTA platform integration)
Hibernate: 
    drop table if exists activities cascade 
Hibernate: 
    drop table if exists alerts cascade 
Hibernate: 
    drop table if exists email_verification_tokens cascade 
Hibernate: 
    drop table if exists password_reset_tokens cascade 
Hibernate: 
    drop table if exists refresh_tokens cascade 
Hibernate: 
    drop table if exists risk_scores cascade 
Hibernate: 
    drop table if exists roles cascade 
Hibernate: 
    drop table if exists users cascade 
Hibernate: 
    create table activities (
        created_at timestamp(6) not null,
        id bigint generated by default as identity,
        user_id bigint not null,
        action varchar(100) not null,
        entity_id varchar(100) not null,
        entity_type varchar(100) not null,
        metadata TEXT,
        primary key (id)
    )
Hibernate: 
    create table alerts (
        assigned_to_user_id bigint,
        created_at timestamp(6) not null,
        id bigint generated by default as identity,
        risk_score_id bigint,
        updated_at timestamp(6) not null,
        user_id bigint not null,
        message TEXT not null,
        severity enum ('CRITICAL','HIGH','LOW','MEDIUM') not null,
        status enum ('ACKNOWLEDGED','OPEN','RESOLVED','UNDER_INVESTIGATION') not null,
        primary key (id)
    )
Hibernate: 
    create table email_verification_tokens (
        used boolean not null,
        expiry_date timestamp(6) not null,
        id bigint generated by default as identity,
        user_id bigint not null,
        token varchar(255) not null unique,
        primary key (id)
    )
Hibernate: 
    create table password_reset_tokens (
        used boolean not null,
        created_at timestamp(6) not null,
        expiry_date timestamp(6) not null,
        id bigint generated by default as identity,
        user_id bigint not null,
        token varchar(255) not null unique,
        primary key (id)
    )
Hibernate: 
    create table refresh_tokens (
        revoked boolean not null,
        created_at timestamp(6) not null,
        expiry_date timestamp(6) not null,
        id bigint generated by default as identity,
        user_id bigint not null,
        token varchar(255) not null unique,
        primary key (id)
    )
Hibernate: 
    create table risk_scores (
        score integer not null,
        calculated_at timestamp(6) not null,
        id bigint generated by default as identity,
        user_id bigint not null,
        reason varchar(255) not null,
        primary key (id)
    )
Hibernate: 
    create table roles (
        created_at timestamp(6) not null,
        id bigint generated by default as identity,
        updated_at timestamp(6) not null,
        name enum ('ADMIN','ANALYST','EMPLOYEE') not null unique,
        primary key (id)
    )
Hibernate: 
    create table users (
        email_verified boolean not null,
        is_active boolean not null,
        created_at timestamp(6) not null,
        id bigint generated by default as identity,
        role_id bigint not null,
        updated_at timestamp(6) not null,
        username varchar(100) not null unique,
        email varchar(255) not null unique,
        password_hash varchar(255) not null,
        status enum ('ACTIVE','INACTIVE','SUSPENDED') not null,
        primary key (id)
    )
Hibernate: 
    alter table if exists activities 
       add constraint FKq6cjukylkgxdjkm9npk9va2f2 
       foreign key (user_id) 
       references users
Hibernate: 
    alter table if exists alerts 
       add constraint FK9mnby6wvix6n81vjldldamti6 
       foreign key (assigned_to_user_id) 
       references users
Hibernate: 
    alter table if exists alerts 
       add constraint FK2ascwnfekk1us1gj7i09blwio 
       foreign key (risk_score_id) 
       references risk_scores
Hibernate: 
    alter table if exists alerts 
       add constraint FKqx4kjyy8qmc38cpa1pj5gp74i 
       foreign key (user_id) 
       references users
Hibernate: 
    alter table if exists email_verification_tokens 
       add constraint FKi1c4mmamlb8keqt74k4lrtwhc 
       foreign key (user_id) 
       references users
Hibernate: 
    alter table if exists password_reset_tokens 
       add constraint FKk3ndxg5xp6v7wd4gjyusp15gq 
       foreign key (user_id) 
       references users
Hibernate: 
    alter table if exists refresh_tokens 
       add constraint FK1lih5y2npsf8u5o3vhdb9y0os 
       foreign key (user_id) 
       references users
Hibernate: 
    alter table if exists risk_scores 
       add constraint FK44bqnlm9ptd6islo65yl39fyc 
       foreign key (user_id) 
       references users
Hibernate: 
    alter table if exists users 
       add constraint FKp56c1712k691lhsyewcssf40f 
       foreign key (role_id) 
       references roles
2026-04-28T23:36:04.778+05:30  INFO 16508 --- [backend] [           main] j.LocalContainerEntityManagerFactoryBean : Initialized JPA EntityManagerFactory for persistence unit 'default'
2026-04-28T23:36:05.381+05:30  INFO 16508 --- [backend] [           main] c.s.a.s.CustomUserDetailsServiceTest     : Started CustomUserDetailsServiceTest in 2.71 seconds (process running for 91.726)
Hibernate: 
    insert 
    into
        roles
        (created_at, name, updated_at, id) 
    values
        (?, ?, ?, default)
Hibernate: 
    insert 
    into
        users
        (is_active, created_at, email, email_verified, password_hash, role_id, status, updated_at, username, id) 
    values
        (?, ?, ?, ?, ?, ?, ?, ?, ?, default)
Hibernate: 
    select
        u1_0.id,
        u1_0.is_active,
        u1_0.created_at,
        u1_0.email,
        u1_0.email_verified,
        u1_0.password_hash,
        u1_0.role_id,
        u1_0.status,
        u1_0.updated_at,
        u1_0.username 
    from
        users u1_0 
    where
        u1_0.username=?
Hibernate: 
    select
        u1_0.id,
        u1_0.is_active,
        u1_0.created_at,
        u1_0.email,
        u1_0.email_verified,
        u1_0.password_hash,
        u1_0.role_id,
        u1_0.status,
        u1_0.updated_at,
        u1_0.username 
    from
        users u1_0 
    where
        u1_0.email=?
Hibernate: 
    select
        u1_0.id,
        u1_0.is_active,
        u1_0.created_at,
        u1_0.email,
        u1_0.email_verified,
        u1_0.password_hash,
        u1_0.role_id,
        u1_0.status,
        u1_0.updated_at,
        u1_0.username 
    from
        users u1_0 
    where
        u1_0.username=?
Hibernate: 
    select
        u1_0.id,
        u1_0.is_active,
        u1_0.created_at,
        u1_0.email,
        u1_0.email_verified,
        u1_0.password_hash,
        u1_0.role_id,
        u1_0.status,
        u1_0.updated_at,
        u1_0.username 
    from
        users u1_0 
    where
        u1_0.email=?
[INFO] Tests run: 2, Failures: 0, Errors: 0, Skipped: 0, Time elapsed: 3.102 s -- in com.sentinelx.auth.security.CustomUserDetailsServiceTest
[INFO] Running com.sentinelx.auth.service.EmailVerificationServiceTest
2026-04-28T23:36:05.529+05:30  INFO 16508 --- [backend] [           main] t.c.s.AnnotationConfigContextLoaderUtils : Could not detect default configuration classes for test class [com.sentinelx.auth.service.EmailVerificationServiceTest]: EmailVerificationServiceTest does not declare any static, non-private, non-final, nested classes annotated with @Configuration.
2026-04-28T23:36:05.801+05:30  INFO 16508 --- [backend] [           main] .b.t.c.SpringBootTestContextBootstrapper : Found @SpringBootConfiguration com.sentinelx.BackendApplication for test class com.sentinelx.auth.service.EmailVerificationServiceTest

  .   ____          _            __ _ _
 /\\ / ___'_ __ _ _(_)_ __  __ _ \ \ \ \
( ( )\___ | '_ | '_| | '_ \/ _` | \ \ \ \
 \\/  ___)| |_)| | | | | || (_| |  ) ) ) )
  '  |____| .__|_| |_|_| |_\__, | / / / /
 =========|_|==============|___/=/_/_/_/

 :: Spring Boot ::               (v3.5.13)

2026-04-28T23:36:05.939+05:30  INFO 16508 --- [backend] [           main] c.s.a.s.EmailVerificationServiceTest     : Starting EmailVerificationServiceTest using Java 17.0.18 with PID 16508 (started by dsatk in C:\Users\dsatk\OneDrive\Documents\sentinelX\Sentinel-X\backend)
2026-04-28T23:36:05.939+05:30  INFO 16508 --- [backend] [           main] c.s.a.s.EmailVerificationServiceTest     : The following 1 profile is active: "dev"
2026-04-28T23:36:09.167+05:30  INFO 16508 --- [backend] [           main] .s.d.r.c.RepositoryConfigurationDelegate : Bootstrapping Spring Data JPA repositories in DEFAULT mode.
2026-04-28T23:36:09.486+05:30  INFO 16508 --- [backend] [           main] .s.d.r.c.RepositoryConfigurationDelegate : Finished Spring Data repository scanning in 314 ms. Found 8 JPA repository interfaces.
2026-04-28T23:36:10.497+05:30  INFO 16508 --- [backend] [           main] o.hibernate.jpa.internal.util.LogHelper  : HHH000204: Processing PersistenceUnitInfo [name: default]
2026-04-28T23:36:10.521+05:30  INFO 16508 --- [backend] [           main] o.h.c.internal.RegionFactoryInitiator    : HHH000026: Second-level cache disabled
2026-04-28T23:36:10.594+05:30  INFO 16508 --- [backend] [           main] o.s.o.j.p.SpringPersistenceUnitInfo      : No LoadTimeWeaver setup: ignoring JPA class transformer
2026-04-28T23:36:10.601+05:30  INFO 16508 --- [backend] [           main] com.zaxxer.hikari.HikariDataSource       : HikariPool-6 - Starting...
2026-04-28T23:36:10.606+05:30  INFO 16508 --- [backend] [           main] com.zaxxer.hikari.pool.HikariPool        : HikariPool-6 - Added connection conn77: url=jdbc:h2:mem:emailverificationtest user=SA
2026-04-28T23:36:10.606+05:30  INFO 16508 --- [backend] [           main] com.zaxxer.hikari.HikariDataSource       : HikariPool-6 - Start completed.
2026-04-28T23:36:10.611+05:30  INFO 16508 --- [backend] [           main] org.hibernate.orm.connections.pooling    : HHH10001005: Database info:
	Database JDBC URL [Connecting through datasource 'HikariDataSource (HikariPool-6)']
	Database driver: undefined/unknown
	Database version: 2.3.232
	Autocommit mode: undefined/unknown
	Isolation level: undefined/unknown
	Minimum pool size: undefined/unknown
	Maximum pool size: undefined/unknown
2026-04-28T23:36:10.969+05:30  INFO 16508 --- [backend] [           main] o.h.e.t.j.p.i.JtaPlatformInitiator       : HHH000489: No JTA platform available (set 'hibernate.transaction.jta.platform' to enable JTA platform integration)
2026-04-28T23:36:11.018+05:30  INFO 16508 --- [backend] [           main] j.LocalContainerEntityManagerFactoryBean : Initialized JPA EntityManagerFactory for persistence unit 'default'
2026-04-28T23:36:12.474+05:30  WARN 16508 --- [backend] [           main] JpaBaseConfiguration$JpaWebConfiguration : spring.jpa.open-in-view is enabled by default. Therefore, database queries may be performed during view rendering. Explicitly configure spring.jpa.open-in-view to disable this warning
2026-04-28T23:36:13.601+05:30  INFO 16508 --- [backend] [           main] r$InitializeUserDetailsManagerConfigurer : Global AuthenticationManager configured with UserDetailsService bean with name customUserDetailsService
2026-04-28T23:36:14.921+05:30  INFO 16508 --- [backend] [           main] o.s.b.t.m.w.SpringBootMockServletContext : Initializing Spring TestDispatcherServlet ''
2026-04-28T23:36:14.921+05:30  INFO 16508 --- [backend] [           main] o.s.t.web.servlet.TestDispatcherServlet  : Initializing Servlet ''
2026-04-28T23:36:14.927+05:30  INFO 16508 --- [backend] [           main] o.s.t.web.servlet.TestDispatcherServlet  : Completed initialization in 5 ms
2026-04-28T23:36:14.998+05:30  INFO 16508 --- [backend] [           main] c.s.a.s.EmailVerificationServiceTest     : Started EmailVerificationServiceTest in 9.178 seconds (process running for 101.344)
2026-04-28T23:36:15.036+05:30  INFO 16508 --- [backend] [           main] com.sentinelx.config.SeedDataRunner      : Default roles verified
[INFO] Tests run: 7, Failures: 0, Errors: 0, Skipped: 0, Time elapsed: 10.66 s -- in com.sentinelx.auth.service.EmailVerificationServiceTest
[INFO] Running com.sentinelx.auth.service.PasswordResetServiceTest
2026-04-28T23:36:16.206+05:30  INFO 16508 --- [backend] [           main] t.c.s.AnnotationConfigContextLoaderUtils : Could not detect default configuration classes for test class [com.sentinelx.auth.service.PasswordResetServiceTest]: PasswordResetServiceTest does not declare any static, non-private, non-final, nested classes annotated with @Configuration.
2026-04-28T23:36:16.231+05:30  INFO 16508 --- [backend] [           main] .b.t.c.SpringBootTestContextBootstrapper : Found @SpringBootConfiguration com.sentinelx.BackendApplication for test class com.sentinelx.auth.service.PasswordResetServiceTest

  .   ____          _            __ _ _
 /\\ / ___'_ __ _ _(_)_ __  __ _ \ \ \ \
( ( )\___ | '_ | '_| | '_ \/ _` | \ \ \ \
 \\/  ___)| |_)| | | | | || (_| |  ) ) ) )
  '  |____| .__|_| |_|_| |_\__, | / / / /
 =========|_|==============|___/=/_/_/_/

 :: Spring Boot ::               (v3.5.13)

2026-04-28T23:36:16.354+05:30  INFO 16508 --- [backend] [           main] c.s.a.service.PasswordResetServiceTest   : Starting PasswordResetServiceTest using Java 17.0.18 with PID 16508 (started by dsatk in C:\Users\dsatk\OneDrive\Documents\sentinelX\Sentinel-X\backend)
2026-04-28T23:36:16.355+05:30  INFO 16508 --- [backend] [           main] c.s.a.service.PasswordResetServiceTest   : The following 1 profile is active: "dev"
2026-04-28T23:36:18.699+05:30  INFO 16508 --- [backend] [           main] .s.d.r.c.RepositoryConfigurationDelegate : Bootstrapping Spring Data JPA repositories in DEFAULT mode.
2026-04-28T23:36:19.057+05:30  INFO 16508 --- [backend] [           main] .s.d.r.c.RepositoryConfigurationDelegate : Finished Spring Data repository scanning in 353 ms. Found 8 JPA repository interfaces.
2026-04-28T23:36:19.600+05:30  INFO 16508 --- [backend] [           main] o.hibernate.jpa.internal.util.LogHelper  : HHH000204: Processing PersistenceUnitInfo [name: default]
2026-04-28T23:36:19.633+05:30  INFO 16508 --- [backend] [           main] o.h.c.internal.RegionFactoryInitiator    : HHH000026: Second-level cache disabled
2026-04-28T23:36:19.708+05:30  INFO 16508 --- [backend] [           main] o.s.o.j.p.SpringPersistenceUnitInfo      : No LoadTimeWeaver setup: ignoring JPA class transformer
2026-04-28T23:36:19.712+05:30  INFO 16508 --- [backend] [           main] com.zaxxer.hikari.HikariDataSource       : HikariPool-7 - Starting...
2026-04-28T23:36:19.727+05:30  INFO 16508 --- [backend] [           main] com.zaxxer.hikari.pool.HikariPool        : HikariPool-7 - Added connection conn87: url=jdbc:h2:mem:passwordresettest user=SA
2026-04-28T23:36:19.730+05:30  INFO 16508 --- [backend] [           main] com.zaxxer.hikari.HikariDataSource       : HikariPool-7 - Start completed.
2026-04-28T23:36:19.733+05:30  INFO 16508 --- [backend] [           main] org.hibernate.orm.connections.pooling    : HHH10001005: Database info:
	Database JDBC URL [Connecting through datasource 'HikariDataSource (HikariPool-7)']
	Database driver: undefined/unknown
	Database version: 2.3.232
	Autocommit mode: undefined/unknown
	Isolation level: undefined/unknown
	Minimum pool size: undefined/unknown
	Maximum pool size: undefined/unknown
2026-04-28T23:36:20.039+05:30  INFO 16508 --- [backend] [           main] o.h.e.t.j.p.i.JtaPlatformInitiator       : HHH000489: No JTA platform available (set 'hibernate.transaction.jta.platform' to enable JTA platform integration)
2026-04-28T23:36:20.088+05:30  INFO 16508 --- [backend] [           main] j.LocalContainerEntityManagerFactoryBean : Initialized JPA EntityManagerFactory for persistence unit 'default'
2026-04-28T23:36:20.650+05:30  WARN 16508 --- [backend] [           main] JpaBaseConfiguration$JpaWebConfiguration : spring.jpa.open-in-view is enabled by default. Therefore, database queries may be performed during view rendering. Explicitly configure spring.jpa.open-in-view to disable this warning
2026-04-28T23:36:21.049+05:30  INFO 16508 --- [backend] [           main] r$InitializeUserDetailsManagerConfigurer : Global AuthenticationManager configured with UserDetailsService bean with name customUserDetailsService
2026-04-28T23:36:21.627+05:30  INFO 16508 --- [backend] [           main] c.s.a.service.PasswordResetServiceTest   : Started PasswordResetServiceTest in 5.384 seconds (process running for 107.973)
2026-04-28T23:36:21.658+05:30  INFO 16508 --- [backend] [           main] com.sentinelx.config.SeedDataRunner      : Default roles verified
[INFO] Tests run: 7, Failures: 0, Errors: 0, Skipped: 0, Time elapsed: 7.993 s -- in com.sentinelx.auth.service.PasswordResetServiceTest
[INFO] Running com.sentinelx.BackendApplicationTests
2026-04-28T23:36:24.205+05:30  INFO 16508 --- [backend] [           main] t.c.s.AnnotationConfigContextLoaderUtils : Could not detect default configuration classes for test class [com.sentinelx.BackendApplicationTests]: BackendApplicationTests does not declare any static, non-private, non-final, nested classes annotated with @Configuration.
2026-04-28T23:36:24.342+05:30  INFO 16508 --- [backend] [           main] .b.t.c.SpringBootTestContextBootstrapper : Found @SpringBootConfiguration com.sentinelx.BackendApplication for test class com.sentinelx.BackendApplicationTests

  .   ____          _            __ _ _
 /\\ / ___'_ __ _ _(_)_ __  __ _ \ \ \ \
( ( )\___ | '_ | '_| | '_ \/ _` | \ \ \ \
 \\/  ___)| |_)| | | | | || (_| |  ) ) ) )
  '  |____| .__|_| |_|_| |_\__, | / / / /
 =========|_|==============|___/=/_/_/_/

 :: Spring Boot ::               (v3.5.13)

2026-04-28T23:36:24.516+05:30  INFO 16508 --- [backend] [           main] com.sentinelx.BackendApplicationTests    : Starting BackendApplicationTests using Java 17.0.18 with PID 16508 (started by dsatk in C:\Users\dsatk\OneDrive\Documents\sentinelX\Sentinel-X\backend)
2026-04-28T23:36:24.519+05:30  INFO 16508 --- [backend] [           main] com.sentinelx.BackendApplicationTests    : The following 1 profile is active: "dev"
2026-04-28T23:36:26.058+05:30  INFO 16508 --- [backend] [           main] .s.d.r.c.RepositoryConfigurationDelegate : Bootstrapping Spring Data JPA repositories in DEFAULT mode.
2026-04-28T23:36:26.587+05:30  INFO 16508 --- [backend] [           main] .s.d.r.c.RepositoryConfigurationDelegate : Finished Spring Data repository scanning in 525 ms. Found 8 JPA repository interfaces.
2026-04-28T23:36:27.270+05:30  INFO 16508 --- [backend] [           main] o.hibernate.jpa.internal.util.LogHelper  : HHH000204: Processing PersistenceUnitInfo [name: default]
2026-04-28T23:36:27.326+05:30  INFO 16508 --- [backend] [           main] o.h.c.internal.RegionFactoryInitiator    : HHH000026: Second-level cache disabled
2026-04-28T23:36:27.411+05:30  INFO 16508 --- [backend] [           main] o.s.o.j.p.SpringPersistenceUnitInfo      : No LoadTimeWeaver setup: ignoring JPA class transformer
2026-04-28T23:36:27.430+05:30  INFO 16508 --- [backend] [           main] com.zaxxer.hikari.HikariDataSource       : HikariPool-8 - Starting...
2026-04-28T23:36:27.440+05:30  INFO 16508 --- [backend] [           main] com.zaxxer.hikari.pool.HikariPool        : HikariPool-8 - Added connection conn97: url=jdbc:h2:mem:backendapplicationtest user=SA
2026-04-28T23:36:27.440+05:30  INFO 16508 --- [backend] [           main] com.zaxxer.hikari.HikariDataSource       : HikariPool-8 - Start completed.
2026-04-28T23:36:27.442+05:30  INFO 16508 --- [backend] [           main] org.hibernate.orm.connections.pooling    : HHH10001005: Database info:
	Database JDBC URL [Connecting through datasource 'HikariDataSource (HikariPool-8)']
	Database driver: undefined/unknown
	Database version: 2.3.232
	Autocommit mode: undefined/unknown
	Isolation level: undefined/unknown
	Minimum pool size: undefined/unknown
	Maximum pool size: undefined/unknown
2026-04-28T23:36:27.852+05:30  INFO 16508 --- [backend] [           main] o.h.e.t.j.p.i.JtaPlatformInitiator       : HHH000489: No JTA platform available (set 'hibernate.transaction.jta.platform' to enable JTA platform integration)
2026-04-28T23:36:27.941+05:30  INFO 16508 --- [backend] [           main] j.LocalContainerEntityManagerFactoryBean : Initialized JPA EntityManagerFactory for persistence unit 'default'
2026-04-28T23:36:28.680+05:30  WARN 16508 --- [backend] [           main] JpaBaseConfiguration$JpaWebConfiguration : spring.jpa.open-in-view is enabled by default. Therefore, database queries may be performed during view rendering. Explicitly configure spring.jpa.open-in-view to disable this warning
2026-04-28T23:36:29.126+05:30  INFO 16508 --- [backend] [           main] r$InitializeUserDetailsManagerConfigurer : Global AuthenticationManager configured with UserDetailsService bean with name customUserDetailsService
2026-04-28T23:36:29.637+05:30  INFO 16508 --- [backend] [           main] com.sentinelx.BackendApplicationTests    : Started BackendApplicationTests in 5.283 seconds (process running for 115.983)
2026-04-28T23:36:29.668+05:30  INFO 16508 --- [backend] [           main] com.sentinelx.config.SeedDataRunner      : Default roles verified
[INFO] Tests run: 1, Failures: 0, Errors: 0, Skipped: 0, Time elapsed: 5.491 s -- in com.sentinelx.BackendApplicationTests
[INFO] Running com.sentinelx.common.service.RetryableReadServiceTest
[WARNING] Tests run: 4, Failures: 0, Errors: 0, Skipped: 1, Time elapsed: 0.439 s -- in com.sentinelx.common.service.RetryableReadServiceTest
[INFO] Running com.sentinelx.config.SecurityConfigTest
2026-04-28T23:36:30.178+05:30  INFO 16508 --- [backend] [           main] t.c.s.AnnotationConfigContextLoaderUtils : Could not detect default configuration classes for test class [com.sentinelx.config.SecurityConfigTest]: SecurityConfigTest does not declare any static, non-private, non-final, nested classes annotated with @Configuration.
2026-04-28T23:36:30.309+05:30  INFO 16508 --- [backend] [           main] .b.t.c.SpringBootTestContextBootstrapper : Found @SpringBootConfiguration com.sentinelx.BackendApplication for test class com.sentinelx.config.SecurityConfigTest

  .   ____          _            __ _ _
 /\\ / ___'_ __ _ _(_)_ __  __ _ \ \ \ \
( ( )\___ | '_ | '_| | '_ \/ _` | \ \ \ \
 \\/  ___)| |_)| | | | | || (_| |  ) ) ) )
  '  |____| .__|_| |_|_| |_\__, | / / / /
 =========|_|==============|___/=/_/_/_/

 :: Spring Boot ::               (v3.5.13)

2026-04-28T23:36:30.402+05:30  INFO 16508 --- [backend] [           main] c.sentinelx.config.SecurityConfigTest    : Starting SecurityConfigTest using Java 17.0.18 with PID 16508 (started by dsatk in C:\Users\dsatk\OneDrive\Documents\sentinelX\Sentinel-X\backend)
2026-04-28T23:36:30.402+05:30  INFO 16508 --- [backend] [           main] c.sentinelx.config.SecurityConfigTest    : The following 1 profile is active: "dev"
2026-04-28T23:36:31.978+05:30  INFO 16508 --- [backend] [           main] .s.d.r.c.RepositoryConfigurationDelegate : Bootstrapping Spring Data JPA repositories in DEFAULT mode.
2026-04-28T23:36:32.360+05:30  INFO 16508 --- [backend] [           main] .s.d.r.c.RepositoryConfigurationDelegate : Finished Spring Data repository scanning in 379 ms. Found 8 JPA repository interfaces.
2026-04-28T23:36:33.158+05:30  INFO 16508 --- [backend] [           main] o.hibernate.jpa.internal.util.LogHelper  : HHH000204: Processing PersistenceUnitInfo [name: default]
2026-04-28T23:36:33.188+05:30  INFO 16508 --- [backend] [           main] o.h.c.internal.RegionFactoryInitiator    : HHH000026: Second-level cache disabled
2026-04-28T23:36:33.252+05:30  INFO 16508 --- [backend] [           main] o.s.o.j.p.SpringPersistenceUnitInfo      : No LoadTimeWeaver setup: ignoring JPA class transformer
2026-04-28T23:36:33.257+05:30  INFO 16508 --- [backend] [           main] com.zaxxer.hikari.HikariDataSource       : HikariPool-9 - Starting...
2026-04-28T23:36:33.275+05:30  INFO 16508 --- [backend] [           main] com.zaxxer.hikari.pool.HikariPool        : HikariPool-9 - Added connection conn107: url=jdbc:h2:mem:securityconfigtest user=SA
2026-04-28T23:36:33.276+05:30  INFO 16508 --- [backend] [           main] com.zaxxer.hikari.HikariDataSource       : HikariPool-9 - Start completed.
2026-04-28T23:36:33.278+05:30  INFO 16508 --- [backend] [           main] org.hibernate.orm.connections.pooling    : HHH10001005: Database info:
	Database JDBC URL [Connecting through datasource 'HikariDataSource (HikariPool-9)']
	Database driver: undefined/unknown
	Database version: 2.3.232
	Autocommit mode: undefined/unknown
	Isolation level: undefined/unknown
	Minimum pool size: undefined/unknown
	Maximum pool size: undefined/unknown
2026-04-28T23:36:33.654+05:30  INFO 16508 --- [backend] [           main] o.h.e.t.j.p.i.JtaPlatformInitiator       : HHH000489: No JTA platform available (set 'hibernate.transaction.jta.platform' to enable JTA platform integration)
2026-04-28T23:36:33.705+05:30  INFO 16508 --- [backend] [           main] j.LocalContainerEntityManagerFactoryBean : Initialized JPA EntityManagerFactory for persistence unit 'default'
2026-04-28T23:36:34.251+05:30  WARN 16508 --- [backend] [           main] JpaBaseConfiguration$JpaWebConfiguration : spring.jpa.open-in-view is enabled by default. Therefore, database queries may be performed during view rendering. Explicitly configure spring.jpa.open-in-view to disable this warning
2026-04-28T23:36:34.608+05:30  INFO 16508 --- [backend] [           main] r$InitializeUserDetailsManagerConfigurer : Global AuthenticationManager configured with UserDetailsService bean with name customUserDetailsService
2026-04-28T23:36:35.105+05:30  INFO 16508 --- [backend] [           main] o.s.b.t.m.w.SpringBootMockServletContext : Initializing Spring TestDispatcherServlet ''
2026-04-28T23:36:35.105+05:30  INFO 16508 --- [backend] [           main] o.s.t.web.servlet.TestDispatcherServlet  : Initializing Servlet ''
2026-04-28T23:36:35.110+05:30  INFO 16508 --- [backend] [           main] o.s.t.web.servlet.TestDispatcherServlet  : Completed initialization in 3 ms
2026-04-28T23:36:35.159+05:30  INFO 16508 --- [backend] [           main] c.sentinelx.config.SecurityConfigTest    : Started SecurityConfigTest in 4.837 seconds (process running for 121.504)
2026-04-28T23:36:35.206+05:30  INFO 16508 --- [backend] [           main] com.sentinelx.config.SeedDataRunner      : Default roles verified
[INFO] Tests run: 3, Failures: 0, Errors: 0, Skipped: 0, Time elapsed: 5.153 s -- in com.sentinelx.config.SecurityConfigTest
[INFO] Running com.sentinelx.config.SslConfigValidatorTest
[WARNING] Tests run: 5, Failures: 0, Errors: 0, Skipped: 5, Time elapsed: 0.001 s -- in com.sentinelx.config.SslConfigValidatorTest
[INFO] Running com.sentinelx.dashboard.controller.DashboardControllerTest
2026-04-28T23:36:35.347+05:30  INFO 16508 --- [backend] [           main] t.c.s.AnnotationConfigContextLoaderUtils : Could not detect default configuration classes for test class [com.sentinelx.dashboard.controller.DashboardControllerTest]: DashboardControllerTest does not declare any static, non-private, non-final, nested classes annotated with @Configuration.
2026-04-28T23:36:35.540+05:30  INFO 16508 --- [backend] [           main] .b.t.c.SpringBootTestContextBootstrapper : Found @SpringBootConfiguration com.sentinelx.BackendApplication for test class com.sentinelx.dashboard.controller.DashboardControllerTest

  .   ____          _            __ _ _
 /\\ / ___'_ __ _ _(_)_ __  __ _ \ \ \ \
( ( )\___ | '_ | '_| | '_ \/ _` | \ \ \ \
 \\/  ___)| |_)| | | | | || (_| |  ) ) ) )
  '  |____| .__|_| |_|_| |_\__, | / / / /
 =========|_|==============|___/=/_/_/_/

 :: Spring Boot ::               (v3.5.13)

2026-04-28T23:36:35.672+05:30  INFO 16508 --- [backend] [           main] c.s.d.c.DashboardControllerTest          : Starting DashboardControllerTest using Java 17.0.18 with PID 16508 (started by dsatk in C:\Users\dsatk\OneDrive\Documents\sentinelX\Sentinel-X\backend)
2026-04-28T23:36:35.672+05:30  INFO 16508 --- [backend] [           main] c.s.d.c.DashboardControllerTest          : The following 1 profile is active: "dev"
2026-04-28T23:36:36.875+05:30  INFO 16508 --- [backend] [           main] .s.d.r.c.RepositoryConfigurationDelegate : Bootstrapping Spring Data JPA repositories in DEFAULT mode.
2026-04-28T23:36:37.167+05:30  INFO 16508 --- [backend] [           main] .s.d.r.c.RepositoryConfigurationDelegate : Finished Spring Data repository scanning in 287 ms. Found 8 JPA repository interfaces.
2026-04-28T23:36:37.766+05:30  INFO 16508 --- [backend] [           main] o.hibernate.jpa.internal.util.LogHelper  : HHH000204: Processing PersistenceUnitInfo [name: default]
2026-04-28T23:36:37.835+05:30  INFO 16508 --- [backend] [           main] o.h.c.internal.RegionFactoryInitiator    : HHH000026: Second-level cache disabled
2026-04-28T23:36:37.929+05:30  INFO 16508 --- [backend] [           main] o.s.o.j.p.SpringPersistenceUnitInfo      : No LoadTimeWeaver setup: ignoring JPA class transformer
2026-04-28T23:36:37.932+05:30  INFO 16508 --- [backend] [           main] com.zaxxer.hikari.HikariDataSource       : HikariPool-10 - Starting...
2026-04-28T23:36:37.936+05:30  INFO 16508 --- [backend] [           main] com.zaxxer.hikari.pool.HikariPool        : HikariPool-10 - Added connection conn117: url=jdbc:h2:mem:dashboardcontrollertest user=SA
2026-04-28T23:36:37.939+05:30  INFO 16508 --- [backend] [           main] com.zaxxer.hikari.HikariDataSource       : HikariPool-10 - Start completed.
2026-04-28T23:36:37.940+05:30  INFO 16508 --- [backend] [           main] org.hibernate.orm.connections.pooling    : HHH10001005: Database info:
	Database JDBC URL [Connecting through datasource 'HikariDataSource (HikariPool-10)']
	Database driver: undefined/unknown
	Database version: 2.3.232
	Autocommit mode: undefined/unknown
	Isolation level: undefined/unknown
	Minimum pool size: undefined/unknown
	Maximum pool size: undefined/unknown
2026-04-28T23:36:38.319+05:30  INFO 16508 --- [backend] [           main] o.h.e.t.j.p.i.JtaPlatformInitiator       : HHH000489: No JTA platform available (set 'hibernate.transaction.jta.platform' to enable JTA platform integration)
2026-04-28T23:36:38.353+05:30  INFO 16508 --- [backend] [           main] j.LocalContainerEntityManagerFactoryBean : Initialized JPA EntityManagerFactory for persistence unit 'default'
2026-04-28T23:36:39.050+05:30  WARN 16508 --- [backend] [           main] JpaBaseConfiguration$JpaWebConfiguration : spring.jpa.open-in-view is enabled by default. Therefore, database queries may be performed during view rendering. Explicitly configure spring.jpa.open-in-view to disable this warning
2026-04-28T23:36:39.434+05:30  INFO 16508 --- [backend] [           main] r$InitializeUserDetailsManagerConfigurer : Global AuthenticationManager configured with UserDetailsService bean with name customUserDetailsService
2026-04-28T23:36:39.867+05:30  INFO 16508 --- [backend] [           main] o.s.b.t.m.w.SpringBootMockServletContext : Initializing Spring TestDispatcherServlet ''
2026-04-28T23:36:39.867+05:30  INFO 16508 --- [backend] [           main] o.s.t.web.servlet.TestDispatcherServlet  : Initializing Servlet ''
2026-04-28T23:36:39.875+05:30  INFO 16508 --- [backend] [           main] o.s.t.web.servlet.TestDispatcherServlet  : Completed initialization in 8 ms
2026-04-28T23:36:39.908+05:30  INFO 16508 --- [backend] [           main] c.s.d.c.DashboardControllerTest          : Started DashboardControllerTest in 4.36 seconds (process running for 126.254)
2026-04-28T23:36:39.934+05:30  INFO 16508 --- [backend] [           main] com.sentinelx.config.SeedDataRunner      : Default roles verified
[INFO] Tests run: 9, Failures: 0, Errors: 0, Skipped: 0, Time elapsed: 7.222 s -- in com.sentinelx.dashboard.controller.DashboardControllerTest
[INFO] Running com.sentinelx.dashboard.repository.DashboardJdbcRepositoryTest
[WARNING] Tests run: 7, Failures: 0, Errors: 0, Skipped: 7, Time elapsed: 0 s -- in com.sentinelx.dashboard.repository.DashboardJdbcRepositoryTest
[INFO] Running com.sentinelx.dashboard.service.DashboardServiceTest
2026-04-28T23:36:42.581+05:30  INFO 16508 --- [backend] [           main] t.c.s.AnnotationConfigContextLoaderUtils : Could not detect default configuration classes for test class [com.sentinelx.dashboard.service.DashboardServiceTest]: DashboardServiceTest does not declare any static, non-private, non-final, nested classes annotated with @Configuration.
2026-04-28T23:36:42.832+05:30  INFO 16508 --- [backend] [           main] .b.t.c.SpringBootTestContextBootstrapper : Found @SpringBootConfiguration com.sentinelx.BackendApplication for test class com.sentinelx.dashboard.service.DashboardServiceTest

  .   ____          _            __ _ _
 /\\ / ___'_ __ _ _(_)_ __  __ _ \ \ \ \
( ( )\___ | '_ | '_| | '_ \/ _` | \ \ \ \
 \\/  ___)| |_)| | | | | || (_| |  ) ) ) )
  '  |____| .__|_| |_|_| |_\__, | / / / /
 =========|_|==============|___/=/_/_/_/

 :: Spring Boot ::               (v3.5.13)

2026-04-28T23:36:42.901+05:30  INFO 16508 --- [backend] [           main] c.s.d.service.DashboardServiceTest       : Starting DashboardServiceTest using Java 17.0.18 with PID 16508 (started by dsatk in C:\Users\dsatk\OneDrive\Documents\sentinelX\Sentinel-X\backend)
2026-04-28T23:36:42.901+05:30  INFO 16508 --- [backend] [           main] c.s.d.service.DashboardServiceTest       : The following 1 profile is active: "dev"
2026-04-28T23:36:43.790+05:30  INFO 16508 --- [backend] [           main] .s.d.r.c.RepositoryConfigurationDelegate : Bootstrapping Spring Data JPA repositories in DEFAULT mode.
2026-04-28T23:36:44.024+05:30  INFO 16508 --- [backend] [           main] .s.d.r.c.RepositoryConfigurationDelegate : Finished Spring Data repository scanning in 229 ms. Found 8 JPA repository interfaces.
2026-04-28T23:36:44.382+05:30  INFO 16508 --- [backend] [           main] o.hibernate.jpa.internal.util.LogHelper  : HHH000204: Processing PersistenceUnitInfo [name: default]
2026-04-28T23:36:44.394+05:30  INFO 16508 --- [backend] [           main] o.h.c.internal.RegionFactoryInitiator    : HHH000026: Second-level cache disabled
2026-04-28T23:36:44.436+05:30  INFO 16508 --- [backend] [           main] o.s.o.j.p.SpringPersistenceUnitInfo      : No LoadTimeWeaver setup: ignoring JPA class transformer
2026-04-28T23:36:44.440+05:30  INFO 16508 --- [backend] [           main] com.zaxxer.hikari.HikariDataSource       : HikariPool-11 - Starting...
2026-04-28T23:36:44.461+05:30  INFO 16508 --- [backend] [           main] com.zaxxer.hikari.pool.HikariPool        : HikariPool-11 - Added connection conn127: url=jdbc:h2:mem:dashboardservicetest user=SA
2026-04-28T23:36:44.462+05:30  INFO 16508 --- [backend] [           main] com.zaxxer.hikari.HikariDataSource       : HikariPool-11 - Start completed.
2026-04-28T23:36:44.465+05:30  INFO 16508 --- [backend] [           main] org.hibernate.orm.connections.pooling    : HHH10001005: Database info:
	Database JDBC URL [Connecting through datasource 'HikariDataSource (HikariPool-11)']
	Database driver: undefined/unknown
	Database version: 2.3.232
	Autocommit mode: undefined/unknown
	Isolation level: undefined/unknown
	Minimum pool size: undefined/unknown
	Maximum pool size: undefined/unknown
2026-04-28T23:36:44.726+05:30  INFO 16508 --- [backend] [           main] o.h.e.t.j.p.i.JtaPlatformInitiator       : HHH000489: No JTA platform available (set 'hibernate.transaction.jta.platform' to enable JTA platform integration)
2026-04-28T23:36:44.781+05:30  INFO 16508 --- [backend] [           main] j.LocalContainerEntityManagerFactoryBean : Initialized JPA EntityManagerFactory for persistence unit 'default'
2026-04-28T23:36:45.297+05:30  WARN 16508 --- [backend] [           main] JpaBaseConfiguration$JpaWebConfiguration : spring.jpa.open-in-view is enabled by default. Therefore, database queries may be performed during view rendering. Explicitly configure spring.jpa.open-in-view to disable this warning
2026-04-28T23:36:45.558+05:30  INFO 16508 --- [backend] [           main] r$InitializeUserDetailsManagerConfigurer : Global AuthenticationManager configured with UserDetailsService bean with name customUserDetailsService
2026-04-28T23:36:45.848+05:30  INFO 16508 --- [backend] [           main] c.s.d.service.DashboardServiceTest       : Started DashboardServiceTest in 3.005 seconds (process running for 132.194)
2026-04-28T23:36:45.868+05:30  INFO 16508 --- [backend] [           main] com.sentinelx.config.SeedDataRunner      : Default roles verified
[INFO] Tests run: 6, Failures: 0, Errors: 0, Skipped: 0, Time elapsed: 3.746 s -- in com.sentinelx.dashboard.service.DashboardServiceTest
[INFO] Running com.sentinelx.e2e.E2EAuthFlowTest
2026-04-28T23:36:46.336+05:30  INFO 16508 --- [backend] [           main] t.c.s.AnnotationConfigContextLoaderUtils : Could not detect default configuration classes for test class [com.sentinelx.e2e.E2EAuthFlowTest]: E2EAuthFlowTest does not declare any static, non-private, non-final, nested classes annotated with @Configuration.
2026-04-28T23:36:46.449+05:30  INFO 16508 --- [backend] [           main] .b.t.c.SpringBootTestContextBootstrapper : Found @SpringBootConfiguration com.sentinelx.BackendApplication for test class com.sentinelx.e2e.E2EAuthFlowTest

  .   ____          _            __ _ _
 /\\ / ___'_ __ _ _(_)_ __  __ _ \ \ \ \
( ( )\___ | '_ | '_| | '_ \/ _` | \ \ \ \
 \\/  ___)| |_)| | | | | || (_| |  ) ) ) )
  '  |____| .__|_| |_|_| |_\__, | / / / /
 =========|_|==============|___/=/_/_/_/

 :: Spring Boot ::               (v3.5.13)

2026-04-28T23:36:46.519+05:30  INFO 16508 --- [backend] [           main] com.sentinelx.e2e.E2EAuthFlowTest        : Starting E2EAuthFlowTest using Java 17.0.18 with PID 16508 (started by dsatk in C:\Users\dsatk\OneDrive\Documents\sentinelX\Sentinel-X\backend)
2026-04-28T23:36:46.519+05:30  INFO 16508 --- [backend] [           main] com.sentinelx.e2e.E2EAuthFlowTest        : The following 1 profile is active: "test"
2026-04-28T23:36:47.581+05:30  INFO 16508 --- [backend] [           main] .s.d.r.c.RepositoryConfigurationDelegate : Bootstrapping Spring Data JPA repositories in DEFAULT mode.
2026-04-28T23:36:47.849+05:30  INFO 16508 --- [backend] [           main] .s.d.r.c.RepositoryConfigurationDelegate : Finished Spring Data repository scanning in 266 ms. Found 8 JPA repository interfaces.
2026-04-28T23:36:48.175+05:30  INFO 16508 --- [backend] [           main] o.hibernate.jpa.internal.util.LogHelper  : HHH000204: Processing PersistenceUnitInfo [name: default]
2026-04-28T23:36:48.183+05:30  INFO 16508 --- [backend] [           main] o.h.c.internal.RegionFactoryInitiator    : HHH000026: Second-level cache disabled
2026-04-28T23:36:48.222+05:30  INFO 16508 --- [backend] [           main] o.s.o.j.p.SpringPersistenceUnitInfo      : No LoadTimeWeaver setup: ignoring JPA class transformer
2026-04-28T23:36:48.227+05:30  INFO 16508 --- [backend] [           main] com.zaxxer.hikari.HikariDataSource       : HikariPool-12 - Starting...
2026-04-28T23:36:48.230+05:30  INFO 16508 --- [backend] [           main] com.zaxxer.hikari.pool.HikariPool        : HikariPool-12 - Added connection conn137: url=jdbc:h2:mem:e2eauthflowtest user=SA
2026-04-28T23:36:48.231+05:30  INFO 16508 --- [backend] [           main] com.zaxxer.hikari.HikariDataSource       : HikariPool-12 - Start completed.
2026-04-28T23:36:48.231+05:30  INFO 16508 --- [backend] [           main] org.hibernate.orm.connections.pooling    : HHH10001005: Database info:
	Database JDBC URL [Connecting through datasource 'HikariDataSource (HikariPool-12)']
	Database driver: undefined/unknown
	Database version: 2.3.232
	Autocommit mode: undefined/unknown
	Isolation level: undefined/unknown
	Minimum pool size: undefined/unknown
	Maximum pool size: undefined/unknown
2026-04-28T23:36:48.404+05:30  INFO 16508 --- [backend] [           main] o.h.e.t.j.p.i.JtaPlatformInitiator       : HHH000489: No JTA platform available (set 'hibernate.transaction.jta.platform' to enable JTA platform integration)
2026-04-28T23:36:48.435+05:30  INFO 16508 --- [backend] [           main] j.LocalContainerEntityManagerFactoryBean : Initialized JPA EntityManagerFactory for persistence unit 'default'
2026-04-28T23:36:48.718+05:30  WARN 16508 --- [backend] [           main] o.s.r.backoff.ExponentialBackOffPolicy   : Multiplier must be > 1.0 for effective exponential backoff, but was 1.0
2026-04-28T23:36:48.829+05:30  WARN 16508 --- [backend] [           main] JpaBaseConfiguration$JpaWebConfiguration : spring.jpa.open-in-view is enabled by default. Therefore, database queries may be performed during view rendering. Explicitly configure spring.jpa.open-in-view to disable this warning
2026-04-28T23:36:49.136+05:30  INFO 16508 --- [backend] [           main] r$InitializeUserDetailsManagerConfigurer : Global AuthenticationManager configured with UserDetailsService bean with name customUserDetailsService
2026-04-28T23:36:49.435+05:30  INFO 16508 --- [backend] [           main] o.s.b.t.m.w.SpringBootMockServletContext : Initializing Spring TestDispatcherServlet ''
2026-04-28T23:36:49.435+05:30  INFO 16508 --- [backend] [           main] o.s.t.web.servlet.TestDispatcherServlet  : Initializing Servlet ''
2026-04-28T23:36:49.437+05:30  INFO 16508 --- [backend] [           main] o.s.t.web.servlet.TestDispatcherServlet  : Completed initialization in 2 ms
2026-04-28T23:36:49.462+05:30  INFO 16508 --- [backend] [           main] com.sentinelx.e2e.E2EAuthFlowTest        : Started E2EAuthFlowTest in 3.004 seconds (process running for 135.808)
2026-04-28T23:36:49.478+05:30  INFO 16508 --- [backend] [           main] com.sentinelx.config.SeedDataRunner      : Default roles verified
[INFO] Tests run: 1, Failures: 0, Errors: 0, Skipped: 0, Time elapsed: 4.417 s -- in com.sentinelx.e2e.E2EAuthFlowTest
[INFO] Running com.sentinelx.e2e.E2EProtectedModulesTest
2026-04-28T23:36:50.767+05:30  INFO 16508 --- [backend] [           main] t.c.s.AnnotationConfigContextLoaderUtils : Could not detect default configuration classes for test class [com.sentinelx.e2e.E2EProtectedModulesTest]: E2EProtectedModulesTest does not declare any static, non-private, non-final, nested classes annotated with @Configuration.
2026-04-28T23:36:50.772+05:30  INFO 16508 --- [backend] [           main] .b.t.c.SpringBootTestContextBootstrapper : Found @SpringBootConfiguration com.sentinelx.BackendApplication for test class com.sentinelx.e2e.E2EProtectedModulesTest

  .   ____          _            __ _ _
 /\\ / ___'_ __ _ _(_)_ __  __ _ \ \ \ \
( ( )\___ | '_ | '_| | '_ \/ _` | \ \ \ \
 \\/  ___)| |_)| | | | | || (_| |  ) ) ) )
  '  |____| .__|_| |_|_| |_\__, | / / / /
 =========|_|==============|___/=/_/_/_/

 :: Spring Boot ::               (v3.5.13)

2026-04-28T23:36:50.875+05:30  INFO 16508 --- [backend] [           main] c.sentinelx.e2e.E2EProtectedModulesTest  : Starting E2EProtectedModulesTest using Java 17.0.18 with PID 16508 (started by dsatk in C:\Users\dsatk\OneDrive\Documents\sentinelX\Sentinel-X\backend)
2026-04-28T23:36:50.876+05:30  INFO 16508 --- [backend] [           main] c.sentinelx.e2e.E2EProtectedModulesTest  : The following 1 profile is active: "test"
2026-04-28T23:36:51.949+05:30  INFO 16508 --- [backend] [           main] .s.d.r.c.RepositoryConfigurationDelegate : Bootstrapping Spring Data JPA repositories in DEFAULT mode.
2026-04-28T23:36:52.200+05:30  INFO 16508 --- [backend] [           main] .s.d.r.c.RepositoryConfigurationDelegate : Finished Spring Data repository scanning in 248 ms. Found 8 JPA repository interfaces.
2026-04-28T23:36:52.568+05:30  INFO 16508 --- [backend] [           main] o.hibernate.jpa.internal.util.LogHelper  : HHH000204: Processing PersistenceUnitInfo [name: default]
2026-04-28T23:36:52.587+05:30  INFO 16508 --- [backend] [           main] o.h.c.internal.RegionFactoryInitiator    : HHH000026: Second-level cache disabled
2026-04-28T23:36:52.633+05:30  INFO 16508 --- [backend] [           main] o.s.o.j.p.SpringPersistenceUnitInfo      : No LoadTimeWeaver setup: ignoring JPA class transformer
2026-04-28T23:36:52.638+05:30  INFO 16508 --- [backend] [           main] com.zaxxer.hikari.HikariDataSource       : HikariPool-13 - Starting...
2026-04-28T23:36:52.648+05:30  INFO 16508 --- [backend] [           main] com.zaxxer.hikari.pool.HikariPool        : HikariPool-13 - Added connection conn147: url=jdbc:h2:mem:e2eprotectedmodulestest user=SA
2026-04-28T23:36:52.649+05:30  INFO 16508 --- [backend] [           main] com.zaxxer.hikari.HikariDataSource       : HikariPool-13 - Start completed.
2026-04-28T23:36:52.649+05:30  INFO 16508 --- [backend] [           main] org.hibernate.orm.connections.pooling    : HHH10001005: Database info:
	Database JDBC URL [Connecting through datasource 'HikariDataSource (HikariPool-13)']
	Database driver: undefined/unknown
	Database version: 2.3.232
	Autocommit mode: undefined/unknown
	Isolation level: undefined/unknown
	Minimum pool size: undefined/unknown
	Maximum pool size: undefined/unknown
2026-04-28T23:36:53.006+05:30  INFO 16508 --- [backend] [           main] o.h.e.t.j.p.i.JtaPlatformInitiator       : HHH000489: No JTA platform available (set 'hibernate.transaction.jta.platform' to enable JTA platform integration)
2026-04-28T23:36:53.041+05:30  INFO 16508 --- [backend] [           main] j.LocalContainerEntityManagerFactoryBean : Initialized JPA EntityManagerFactory for persistence unit 'default'
2026-04-28T23:36:53.392+05:30  WARN 16508 --- [backend] [           main] o.s.r.backoff.ExponentialBackOffPolicy   : Multiplier must be > 1.0 for effective exponential backoff, but was 1.0
2026-04-28T23:36:53.501+05:30  WARN 16508 --- [backend] [           main] JpaBaseConfiguration$JpaWebConfiguration : spring.jpa.open-in-view is enabled by default. Therefore, database queries may be performed during view rendering. Explicitly configure spring.jpa.open-in-view to disable this warning
2026-04-28T23:36:53.705+05:30  INFO 16508 --- [backend] [           main] r$InitializeUserDetailsManagerConfigurer : Global AuthenticationManager configured with UserDetailsService bean with name customUserDetailsService
2026-04-28T23:36:54.002+05:30  INFO 16508 --- [backend] [           main] o.s.b.t.m.w.SpringBootMockServletContext : Initializing Spring TestDispatcherServlet ''
2026-04-28T23:36:54.004+05:30  INFO 16508 --- [backend] [           main] o.s.t.web.servlet.TestDispatcherServlet  : Initializing Servlet ''
2026-04-28T23:36:54.005+05:30  INFO 16508 --- [backend] [           main] o.s.t.web.servlet.TestDispatcherServlet  : Completed initialization in 1 ms
2026-04-28T23:36:54.026+05:30  INFO 16508 --- [backend] [           main] c.sentinelx.e2e.E2EProtectedModulesTest  : Started E2EProtectedModulesTest in 3.243 seconds (process running for 140.372)
2026-04-28T23:36:54.047+05:30  INFO 16508 --- [backend] [           main] com.sentinelx.config.SeedDataRunner      : Default roles verified
2026-04-28T23:36:54.990+05:30  WARN 16508 --- [backend] [           main] ration$PageModule$WarningLoggingModifier : Serializing PageImpl instances as-is is not supported, meaning that there is no guarantee about the stability of the resulting JSON structure!
	For a stable JSON structure, please use Spring Data's PagedModel (globally via @EnableSpringDataWebSupport(pageSerializationMode = VIA_DTO))
	or Spring HATEOAS and Spring Data's PagedResourcesAssembler as documented in https://docs.spring.io/spring-data/commons/reference/repositories/core-extensions.html#core.web.pageables.

[INFO] Tests run: 1, Failures: 0, Errors: 0, Skipped: 0, Time elapsed: 4.532 s -- in com.sentinelx.e2e.E2EProtectedModulesTest
[INFO] Running com.sentinelx.risk.controller.RiskControllerTest
2026-04-28T23:36:55.298+05:30  INFO 16508 --- [backend] [           main] t.c.s.AnnotationConfigContextLoaderUtils : Could not detect default configuration classes for test class [com.sentinelx.risk.controller.RiskControllerTest]: RiskControllerTest does not declare any static, non-private, non-final, nested classes annotated with @Configuration.
2026-04-28T23:36:55.696+05:30  INFO 16508 --- [backend] [           main] .b.t.c.SpringBootTestContextBootstrapper : Found @SpringBootConfiguration com.sentinelx.BackendApplication for test class com.sentinelx.risk.controller.RiskControllerTest

  .   ____          _            __ _ _
 /\\ / ___'_ __ _ _(_)_ __  __ _ \ \ \ \
( ( )\___ | '_ | '_| | '_ \/ _` | \ \ \ \
 \\/  ___)| |_)| | | | | || (_| |  ) ) ) )
  '  |____| .__|_| |_|_| |_\__, | / / / /
 =========|_|==============|___/=/_/_/_/

 :: Spring Boot ::               (v3.5.13)

2026-04-28T23:36:55.849+05:30  INFO 16508 --- [backend] [           main] c.s.risk.controller.RiskControllerTest   : Starting RiskControllerTest using Java 17.0.18 with PID 16508 (started by dsatk in C:\Users\dsatk\OneDrive\Documents\sentinelX\Sentinel-X\backend)
2026-04-28T23:36:55.849+05:30  INFO 16508 --- [backend] [           main] c.s.risk.controller.RiskControllerTest   : The following 1 profile is active: "dev"
2026-04-28T23:36:56.756+05:30  INFO 16508 --- [backend] [           main] .s.d.r.c.RepositoryConfigurationDelegate : Bootstrapping Spring Data JPA repositories in DEFAULT mode.
2026-04-28T23:36:56.940+05:30  INFO 16508 --- [backend] [           main] .s.d.r.c.RepositoryConfigurationDelegate : Finished Spring Data repository scanning in 175 ms. Found 8 JPA repository interfaces.
2026-04-28T23:36:57.232+05:30  INFO 16508 --- [backend] [           main] o.hibernate.jpa.internal.util.LogHelper  : HHH000204: Processing PersistenceUnitInfo [name: default]
2026-04-28T23:36:57.240+05:30  INFO 16508 --- [backend] [           main] o.h.c.internal.RegionFactoryInitiator    : HHH000026: Second-level cache disabled
2026-04-28T23:36:57.299+05:30  INFO 16508 --- [backend] [           main] o.s.o.j.p.SpringPersistenceUnitInfo      : No LoadTimeWeaver setup: ignoring JPA class transformer
2026-04-28T23:36:57.302+05:30  INFO 16508 --- [backend] [           main] com.zaxxer.hikari.HikariDataSource       : HikariPool-14 - Starting...
2026-04-28T23:36:57.306+05:30  INFO 16508 --- [backend] [           main] com.zaxxer.hikari.pool.HikariPool        : HikariPool-14 - Added connection conn157: url=jdbc:h2:mem:riskcontrollertest user=SA
2026-04-28T23:36:57.307+05:30  INFO 16508 --- [backend] [           main] com.zaxxer.hikari.HikariDataSource       : HikariPool-14 - Start completed.
2026-04-28T23:36:57.312+05:30  INFO 16508 --- [backend] [           main] org.hibernate.orm.connections.pooling    : HHH10001005: Database info:
	Database JDBC URL [Connecting through datasource 'HikariDataSource (HikariPool-14)']
	Database driver: undefined/unknown
	Database version: 2.3.232
	Autocommit mode: undefined/unknown
	Isolation level: undefined/unknown
	Minimum pool size: undefined/unknown
	Maximum pool size: undefined/unknown
2026-04-28T23:36:57.549+05:30  INFO 16508 --- [backend] [           main] o.h.e.t.j.p.i.JtaPlatformInitiator       : HHH000489: No JTA platform available (set 'hibernate.transaction.jta.platform' to enable JTA platform integration)
2026-04-28T23:36:57.587+05:30  INFO 16508 --- [backend] [           main] j.LocalContainerEntityManagerFactoryBean : Initialized JPA EntityManagerFactory for persistence unit 'default'
2026-04-28T23:36:58.091+05:30  WARN 16508 --- [backend] [           main] JpaBaseConfiguration$JpaWebConfiguration : spring.jpa.open-in-view is enabled by default. Therefore, database queries may be performed during view rendering. Explicitly configure spring.jpa.open-in-view to disable this warning
2026-04-28T23:36:58.365+05:30  INFO 16508 --- [backend] [           main] r$InitializeUserDetailsManagerConfigurer : Global AuthenticationManager configured with UserDetailsService bean with name customUserDetailsService
2026-04-28T23:36:58.580+05:30  INFO 16508 --- [backend] [           main] o.s.b.t.m.w.SpringBootMockServletContext : Initializing Spring TestDispatcherServlet ''
2026-04-28T23:36:58.580+05:30  INFO 16508 --- [backend] [           main] o.s.t.web.servlet.TestDispatcherServlet  : Initializing Servlet ''
2026-04-28T23:36:58.581+05:30  INFO 16508 --- [backend] [           main] o.s.t.web.servlet.TestDispatcherServlet  : Completed initialization in 1 ms
2026-04-28T23:36:58.594+05:30  INFO 16508 --- [backend] [           main] c.s.risk.controller.RiskControllerTest   : Started RiskControllerTest in 2.885 seconds (process running for 144.941)
2026-04-28T23:36:58.606+05:30  INFO 16508 --- [backend] [           main] com.sentinelx.config.SeedDataRunner      : Default roles verified
2026-04-28T23:37:00.863+05:30  INFO 16508 --- [backend] [           main] c.sentinelx.auth.email.DevEmailService   : Verification email queued for employee@example.com with link /api/auth/verify-email?token=88cd05bf-ecbe-4f09-9722-e5971fea4ffd
2026-04-28T23:37:00.984+05:30  INFO 16508 --- [backend] [           main] c.sentinelx.auth.email.DevEmailService   : Verification email queued for target@example.com with link /api/auth/verify-email?token=08a58f00-6bef-413c-a537-897af890f571
2026-04-28T23:37:02.312+05:30  WARN 16508 --- [backend] [           main] ration$PageModule$WarningLoggingModifier : Serializing PageImpl instances as-is is not supported, meaning that there is no guarantee about the stability of the resulting JSON structure!
	For a stable JSON structure, please use Spring Data's PagedModel (globally via @EnableSpringDataWebSupport(pageSerializationMode = VIA_DTO))
	or Spring HATEOAS and Spring Data's PagedResourcesAssembler as documented in https://docs.spring.io/spring-data/commons/reference/repositories/core-extensions.html#core.web.pageables.

[INFO] Tests run: 13, Failures: 0, Errors: 0, Skipped: 0, Time elapsed: 7.035 s -- in com.sentinelx.risk.controller.RiskControllerTest
[INFO] Running com.sentinelx.risk.service.RiskScoreServiceTest
2026-04-28T23:37:02.339+05:30  INFO 16508 --- [backend] [           main] t.c.s.AnnotationConfigContextLoaderUtils : Could not detect default configuration classes for test class [com.sentinelx.risk.service.RiskScoreServiceTest]: RiskScoreServiceTest does not declare any static, non-private, non-final, nested classes annotated with @Configuration.
2026-04-28T23:37:02.504+05:30  INFO 16508 --- [backend] [           main] .b.t.c.SpringBootTestContextBootstrapper : Found @SpringBootConfiguration com.sentinelx.BackendApplication for test class com.sentinelx.risk.service.RiskScoreServiceTest

  .   ____          _            __ _ _
 /\\ / ___'_ __ _ _(_)_ __  __ _ \ \ \ \
( ( )\___ | '_ | '_| | '_ \/ _` | \ \ \ \
 \\/  ___)| |_)| | | | | || (_| |  ) ) ) )
  '  |____| .__|_| |_|_| |_\__, | / / / /
 =========|_|==============|___/=/_/_/_/

 :: Spring Boot ::               (v3.5.13)

2026-04-28T23:37:02.571+05:30  INFO 16508 --- [backend] [           main] c.s.risk.service.RiskScoreServiceTest    : Starting RiskScoreServiceTest using Java 17.0.18 with PID 16508 (started by dsatk in C:\Users\dsatk\OneDrive\Documents\sentinelX\Sentinel-X\backend)
2026-04-28T23:37:02.572+05:30  INFO 16508 --- [backend] [           main] c.s.risk.service.RiskScoreServiceTest    : The following 1 profile is active: "dev"
2026-04-28T23:37:03.073+05:30  INFO 16508 --- [backend] [           main] .s.d.r.c.RepositoryConfigurationDelegate : Bootstrapping Spring Data JPA repositories in DEFAULT mode.
2026-04-28T23:37:03.262+05:30  INFO 16508 --- [backend] [           main] .s.d.r.c.RepositoryConfigurationDelegate : Finished Spring Data repository scanning in 186 ms. Found 8 JPA repository interfaces.
2026-04-28T23:37:03.286+05:30  INFO 16508 --- [backend] [           main] beddedDataSourceBeanFactoryPostProcessor : Replacing 'dataSource' DataSource bean with embedded version
2026-04-28T23:37:03.313+05:30  INFO 16508 --- [backend] [           main] o.s.j.d.e.EmbeddedDatabaseFactory        : Starting embedded database: url='jdbc:h2:mem:30968fb8-8679-485c-a0f1-0c043bd6f5c1;DB_CLOSE_DELAY=-1;DB_CLOSE_ON_EXIT=false', username='sa'
2026-04-28T23:37:03.430+05:30  INFO 16508 --- [backend] [           main] o.hibernate.jpa.internal.util.LogHelper  : HHH000204: Processing PersistenceUnitInfo [name: default]
2026-04-28T23:37:03.441+05:30  INFO 16508 --- [backend] [           main] o.h.c.internal.RegionFactoryInitiator    : HHH000026: Second-level cache disabled
2026-04-28T23:37:03.488+05:30  INFO 16508 --- [backend] [           main] o.s.o.j.p.SpringPersistenceUnitInfo      : No LoadTimeWeaver setup: ignoring JPA class transformer
2026-04-28T23:37:03.492+05:30  INFO 16508 --- [backend] [           main] org.hibernate.orm.connections.pooling    : HHH10001005: Database info:
	Database JDBC URL [Connecting through datasource 'org.springframework.jdbc.datasource.embedded.EmbeddedDatabaseFactory$EmbeddedDataSourceProxy@6f4c5c3']
	Database driver: undefined/unknown
	Database version: 2.3.232
	Autocommit mode: undefined/unknown
	Isolation level: undefined/unknown
	Minimum pool size: undefined/unknown
	Maximum pool size: undefined/unknown
2026-04-28T23:37:03.755+05:30  INFO 16508 --- [backend] [           main] o.h.e.t.j.p.i.JtaPlatformInitiator       : HHH000489: No JTA platform available (set 'hibernate.transaction.jta.platform' to enable JTA platform integration)
Hibernate: 
    drop table if exists activities cascade 
Hibernate: 
    drop table if exists alerts cascade 
Hibernate: 
    drop table if exists email_verification_tokens cascade 
Hibernate: 
    drop table if exists password_reset_tokens cascade 
Hibernate: 
    drop table if exists refresh_tokens cascade 
Hibernate: 
    drop table if exists risk_scores cascade 
Hibernate: 
    drop table if exists roles cascade 
Hibernate: 
    drop table if exists users cascade 
Hibernate: 
    create table activities (
        created_at timestamp(6) not null,
        id bigint generated by default as identity,
        user_id bigint not null,
        action varchar(100) not null,
        entity_id varchar(100) not null,
        entity_type varchar(100) not null,
        metadata TEXT,
        primary key (id)
    )
Hibernate: 
    create table alerts (
        assigned_to_user_id bigint,
        created_at timestamp(6) not null,
        id bigint generated by default as identity,
        risk_score_id bigint,
        updated_at timestamp(6) not null,
        user_id bigint not null,
        message TEXT not null,
        severity enum ('CRITICAL','HIGH','LOW','MEDIUM') not null,
        status enum ('ACKNOWLEDGED','OPEN','RESOLVED','UNDER_INVESTIGATION') not null,
        primary key (id)
    )
Hibernate: 
    create table email_verification_tokens (
        used boolean not null,
        expiry_date timestamp(6) not null,
        id bigint generated by default as identity,
        user_id bigint not null,
        token varchar(255) not null unique,
        primary key (id)
    )
Hibernate: 
    create table password_reset_tokens (
        used boolean not null,
        created_at timestamp(6) not null,
        expiry_date timestamp(6) not null,
        id bigint generated by default as identity,
        user_id bigint not null,
        token varchar(255) not null unique,
        primary key (id)
    )
Hibernate: 
    create table refresh_tokens (
        revoked boolean not null,
        created_at timestamp(6) not null,
        expiry_date timestamp(6) not null,
        id bigint generated by default as identity,
        user_id bigint not null,
        token varchar(255) not null unique,
        primary key (id)
    )
Hibernate: 
    create table risk_scores (
        score integer not null,
        calculated_at timestamp(6) not null,
        id bigint generated by default as identity,
        user_id bigint not null,
        reason varchar(255) not null,
        primary key (id)
    )
Hibernate: 
    create table roles (
        created_at timestamp(6) not null,
        id bigint generated by default as identity,
        updated_at timestamp(6) not null,
        name enum ('ADMIN','ANALYST','EMPLOYEE') not null unique,
        primary key (id)
    )
Hibernate: 
    create table users (
        email_verified boolean not null,
        is_active boolean not null,
        created_at timestamp(6) not null,
        id bigint generated by default as identity,
        role_id bigint not null,
        updated_at timestamp(6) not null,
        username varchar(100) not null unique,
        email varchar(255) not null unique,
        password_hash varchar(255) not null,
        status enum ('ACTIVE','INACTIVE','SUSPENDED') not null,
        primary key (id)
    )
Hibernate: 
    alter table if exists activities 
       add constraint FKq6cjukylkgxdjkm9npk9va2f2 
       foreign key (user_id) 
       references users
Hibernate: 
    alter table if exists alerts 
       add constraint FK9mnby6wvix6n81vjldldamti6 
       foreign key (assigned_to_user_id) 
       references users
Hibernate: 
    alter table if exists alerts 
       add constraint FK2ascwnfekk1us1gj7i09blwio 
       foreign key (risk_score_id) 
       references risk_scores
Hibernate: 
    alter table if exists alerts 
       add constraint FKqx4kjyy8qmc38cpa1pj5gp74i 
       foreign key (user_id) 
       references users
Hibernate: 
    alter table if exists email_verification_tokens 
       add constraint FKi1c4mmamlb8keqt74k4lrtwhc 
       foreign key (user_id) 
       references users
Hibernate: 
    alter table if exists password_reset_tokens 
       add constraint FKk3ndxg5xp6v7wd4gjyusp15gq 
       foreign key (user_id) 
       references users
Hibernate: 
    alter table if exists refresh_tokens 
       add constraint FK1lih5y2npsf8u5o3vhdb9y0os 
       foreign key (user_id) 
       references users
Hibernate: 
    alter table if exists risk_scores 
       add constraint FK44bqnlm9ptd6islo65yl39fyc 
       foreign key (user_id) 
       references users
Hibernate: 
    alter table if exists users 
       add constraint FKp56c1712k691lhsyewcssf40f 
       foreign key (role_id) 
       references roles
2026-04-28T23:37:03.812+05:30  INFO 16508 --- [backend] [           main] j.LocalContainerEntityManagerFactoryBean : Initialized JPA EntityManagerFactory for persistence unit 'default'
2026-04-28T23:37:04.056+05:30  INFO 16508 --- [backend] [           main] c.s.risk.service.RiskScoreServiceTest    : Started RiskScoreServiceTest in 1.548 seconds (process running for 150.403)
Hibernate: 
    select
        r1_0.id,
        r1_0.created_at,
        r1_0.name,
        r1_0.updated_at 
    from
        roles r1_0 
    where
        r1_0.name=?
Hibernate: 
    insert 
    into
        roles
        (created_at, name, updated_at, id) 
    values
        (?, ?, ?, default)
Hibernate: 
    insert 
    into
        users
        (is_active, created_at, email, email_verified, password_hash, role_id, status, updated_at, username, id) 
    values
        (?, ?, ?, ?, ?, ?, ?, ?, ?, default)
Hibernate: 
    insert 
    into
        risk_scores
        (calculated_at, reason, score, user_id, id) 
    values
        (?, ?, ?, ?, default)
Hibernate: 
    insert 
    into
        risk_scores
        (calculated_at, reason, score, user_id, id) 
    values
        (?, ?, ?, ?, default)
Hibernate: 
    select
        rs1_0.id,
        rs1_0.calculated_at,
        rs1_0.reason,
        rs1_0.score,
        rs1_0.user_id 
    from
        risk_scores rs1_0 
    where
        rs1_0.user_id=? 
    order by
        rs1_0.calculated_at desc 
    fetch
        first ? rows only
Hibernate: 
    select
        r1_0.id,
        r1_0.created_at,
        r1_0.name,
        r1_0.updated_at 
    from
        roles r1_0 
    where
        r1_0.name=?
Hibernate: 
    insert 
    into
        roles
        (created_at, name, updated_at, id) 
    values
        (?, ?, ?, default)
Hibernate: 
    insert 
    into
        users
        (is_active, created_at, email, email_verified, password_hash, role_id, status, updated_at, username, id) 
    values
        (?, ?, ?, ?, ?, ?, ?, ?, ?, default)
Hibernate: 
    insert 
    into
        risk_scores
        (calculated_at, reason, score, user_id, id) 
    values
        (?, ?, ?, ?, default)
Hibernate: 
    insert 
    into
        risk_scores
        (calculated_at, reason, score, user_id, id) 
    values
        (?, ?, ?, ?, default)
Hibernate: 
    select
        rs1_0.id,
        rs1_0.calculated_at,
        rs1_0.reason,
        rs1_0.score,
        rs1_0.user_id 
    from
        risk_scores rs1_0 
    where
        rs1_0.user_id=? 
    order by
        rs1_0.calculated_at desc 
    fetch
        first ? rows only
Hibernate: 
    select
        u1_0.id,
        u1_0.is_active,
        u1_0.created_at,
        u1_0.email,
        u1_0.email_verified,
        u1_0.password_hash,
        u1_0.role_id,
        u1_0.status,
        u1_0.updated_at,
        u1_0.username 
    from
        users u1_0 
    where
        u1_0.id=?
Hibernate: 
    select
        u1_0.id,
        u1_0.is_active,
        u1_0.created_at,
        u1_0.email,
        u1_0.email_verified,
        u1_0.password_hash,
        u1_0.role_id,
        u1_0.status,
        u1_0.updated_at,
        u1_0.username 
    from
        users u1_0 
    where
        u1_0.id=?
Hibernate: 
    select
        r1_0.id,
        r1_0.created_at,
        r1_0.name,
        r1_0.updated_at 
    from
        roles r1_0 
    where
        r1_0.name=?
Hibernate: 
    insert 
    into
        roles
        (created_at, name, updated_at, id) 
    values
        (?, ?, ?, default)
Hibernate: 
    insert 
    into
        users
        (is_active, created_at, email, email_verified, password_hash, role_id, status, updated_at, username, id) 
    values
        (?, ?, ?, ?, ?, ?, ?, ?, ?, default)
Hibernate: 
    select
        a1_0.id,
        a1_0.action,
        a1_0.created_at,
        a1_0.entity_id,
        a1_0.entity_type,
        a1_0.metadata,
        a1_0.user_id 
    from
        activities a1_0 
    where
        a1_0.user_id=? 
    order by
        a1_0.created_at desc 
    fetch
        first ? rows only
Hibernate: 
    insert 
    into
        risk_scores
        (calculated_at, reason, score, user_id, id) 
    values
        (?, ?, ?, ?, default)
Hibernate: 
    select
        count(*) 
    from
        risk_scores rs1_0
Hibernate: 
    select
        r1_0.id,
        r1_0.created_at,
        r1_0.name,
        r1_0.updated_at 
    from
        roles r1_0 
    where
        r1_0.name=?
Hibernate: 
    insert 
    into
        roles
        (created_at, name, updated_at, id) 
    values
        (?, ?, ?, default)
Hibernate: 
    insert 
    into
        users
        (is_active, created_at, email, email_verified, password_hash, role_id, status, updated_at, username, id) 
    values
        (?, ?, ?, ?, ?, ?, ?, ?, ?, default)
Hibernate: 
    select
        rs1_0.id,
        rs1_0.calculated_at,
        rs1_0.reason,
        rs1_0.score,
        rs1_0.user_id 
    from
        risk_scores rs1_0 
    where
        rs1_0.user_id=? 
    order by
        rs1_0.calculated_at desc 
    fetch
        first ? rows only
Hibernate: 
    select
        a1_0.id,
        a1_0.action,
        a1_0.created_at,
        a1_0.entity_id,
        a1_0.entity_type,
        a1_0.metadata,
        a1_0.user_id 
    from
        activities a1_0 
    where
        a1_0.user_id=? 
    order by
        a1_0.created_at desc 
    fetch
        first ? rows only
Hibernate: 
    insert 
    into
        risk_scores
        (calculated_at, reason, score, user_id, id) 
    values
        (?, ?, ?, ?, default)
[INFO] Tests run: 6, Failures: 0, Errors: 0, Skipped: 0, Time elapsed: 1.873 s -- in com.sentinelx.risk.service.RiskScoreServiceTest
[INFO] Running com.sentinelx.risk.strategy.RiskScoringStrategyTest
[INFO] Tests run: 2, Failures: 0, Errors: 0, Skipped: 0, Time elapsed: 0.010 s -- in com.sentinelx.risk.strategy.RiskScoringStrategyTest
[INFO] Running com.sentinelx.user.controller.UserControllerTest
2026-04-28T23:37:04.238+05:30  INFO 16508 --- [backend] [           main] t.c.s.AnnotationConfigContextLoaderUtils : Could not detect default configuration classes for test class [com.sentinelx.user.controller.UserControllerTest]: UserControllerTest does not declare any static, non-private, non-final, nested classes annotated with @Configuration.
2026-04-28T23:37:04.359+05:30  INFO 16508 --- [backend] [           main] .b.t.c.SpringBootTestContextBootstrapper : Found @SpringBootConfiguration com.sentinelx.BackendApplication for test class com.sentinelx.user.controller.UserControllerTest

  .   ____          _            __ _ _
 /\\ / ___'_ __ _ _(_)_ __  __ _ \ \ \ \
( ( )\___ | '_ | '_| | '_ \/ _` | \ \ \ \
 \\/  ___)| |_)| | | | | || (_| |  ) ) ) )
  '  |____| .__|_| |_|_| |_\__, | / / / /
 =========|_|==============|___/=/_/_/_/

 :: Spring Boot ::               (v3.5.13)

2026-04-28T23:37:04.450+05:30  INFO 16508 --- [backend] [           main] c.s.user.controller.UserControllerTest   : Starting UserControllerTest using Java 17.0.18 with PID 16508 (started by dsatk in C:\Users\dsatk\OneDrive\Documents\sentinelX\Sentinel-X\backend)
2026-04-28T23:37:04.451+05:30  INFO 16508 --- [backend] [           main] c.s.user.controller.UserControllerTest   : The following 1 profile is active: "dev"
2026-04-28T23:37:05.275+05:30  INFO 16508 --- [backend] [           main] .s.d.r.c.RepositoryConfigurationDelegate : Bootstrapping Spring Data JPA repositories in DEFAULT mode.
2026-04-28T23:37:05.449+05:30  INFO 16508 --- [backend] [           main] .s.d.r.c.RepositoryConfigurationDelegate : Finished Spring Data repository scanning in 172 ms. Found 8 JPA repository interfaces.
2026-04-28T23:37:05.744+05:30  INFO 16508 --- [backend] [           main] o.hibernate.jpa.internal.util.LogHelper  : HHH000204: Processing PersistenceUnitInfo [name: default]
2026-04-28T23:37:05.758+05:30  INFO 16508 --- [backend] [           main] o.h.c.internal.RegionFactoryInitiator    : HHH000026: Second-level cache disabled
2026-04-28T23:37:05.800+05:30  INFO 16508 --- [backend] [           main] o.s.o.j.p.SpringPersistenceUnitInfo      : No LoadTimeWeaver setup: ignoring JPA class transformer
2026-04-28T23:37:05.803+05:30  INFO 16508 --- [backend] [           main] com.zaxxer.hikari.HikariDataSource       : HikariPool-15 - Starting...
2026-04-28T23:37:05.806+05:30  INFO 16508 --- [backend] [           main] com.zaxxer.hikari.pool.HikariPool        : HikariPool-15 - Added connection conn177: url=jdbc:h2:mem:usercontrollertest user=SA
2026-04-28T23:37:05.806+05:30  INFO 16508 --- [backend] [           main] com.zaxxer.hikari.HikariDataSource       : HikariPool-15 - Start completed.
2026-04-28T23:37:05.807+05:30  INFO 16508 --- [backend] [           main] org.hibernate.orm.connections.pooling    : HHH10001005: Database info:
	Database JDBC URL [Connecting through datasource 'HikariDataSource (HikariPool-15)']
	Database driver: undefined/unknown
	Database version: 2.3.232
	Autocommit mode: undefined/unknown
	Isolation level: undefined/unknown
	Minimum pool size: undefined/unknown
	Maximum pool size: undefined/unknown
2026-04-28T23:37:06.022+05:30  INFO 16508 --- [backend] [           main] o.h.e.t.j.p.i.JtaPlatformInitiator       : HHH000489: No JTA platform available (set 'hibernate.transaction.jta.platform' to enable JTA platform integration)
2026-04-28T23:37:06.056+05:30  INFO 16508 --- [backend] [           main] j.LocalContainerEntityManagerFactoryBean : Initialized JPA EntityManagerFactory for persistence unit 'default'
2026-04-28T23:37:06.489+05:30  WARN 16508 --- [backend] [           main] JpaBaseConfiguration$JpaWebConfiguration : spring.jpa.open-in-view is enabled by default. Therefore, database queries may be performed during view rendering. Explicitly configure spring.jpa.open-in-view to disable this warning
2026-04-28T23:37:06.746+05:30  INFO 16508 --- [backend] [           main] r$InitializeUserDetailsManagerConfigurer : Global AuthenticationManager configured with UserDetailsService bean with name customUserDetailsService
2026-04-28T23:37:07.125+05:30  INFO 16508 --- [backend] [           main] o.s.b.t.m.w.SpringBootMockServletContext : Initializing Spring TestDispatcherServlet ''
2026-04-28T23:37:07.125+05:30  INFO 16508 --- [backend] [           main] o.s.t.web.servlet.TestDispatcherServlet  : Initializing Servlet ''
2026-04-28T23:37:07.127+05:30  INFO 16508 --- [backend] [           main] o.s.t.web.servlet.TestDispatcherServlet  : Completed initialization in 1 ms
2026-04-28T23:37:07.149+05:30  INFO 16508 --- [backend] [           main] c.s.user.controller.UserControllerTest   : Started UserControllerTest in 2.776 seconds (process running for 153.495)
2026-04-28T23:37:07.166+05:30  INFO 16508 --- [backend] [           main] com.sentinelx.config.SeedDataRunner      : Default roles verified
2026-04-28T23:37:11.091+05:30  WARN 16508 --- [backend] [           main] ration$PageModule$WarningLoggingModifier : Serializing PageImpl instances as-is is not supported, meaning that there is no guarantee about the stability of the resulting JSON structure!
	For a stable JSON structure, please use Spring Data's PagedModel (globally via @EnableSpringDataWebSupport(pageSerializationMode = VIA_DTO))
	or Spring HATEOAS and Spring Data's PagedResourcesAssembler as documented in https://docs.spring.io/spring-data/commons/reference/repositories/core-extensions.html#core.web.pageables.

[INFO] Tests run: 16, Failures: 0, Errors: 0, Skipped: 0, Time elapsed: 7.922 s -- in com.sentinelx.user.controller.UserControllerTest
[INFO] Running com.sentinelx.user.service.UserServiceTest
2026-04-28T23:37:12.162+05:30  INFO 16508 --- [backend] [           main] t.c.s.AnnotationConfigContextLoaderUtils : Could not detect default configuration classes for test class [com.sentinelx.user.service.UserServiceTest]: UserServiceTest does not declare any static, non-private, non-final, nested classes annotated with @Configuration.
2026-04-28T23:37:12.274+05:30  INFO 16508 --- [backend] [           main] .b.t.c.SpringBootTestContextBootstrapper : Found @SpringBootConfiguration com.sentinelx.BackendApplication for test class com.sentinelx.user.service.UserServiceTest

  .   ____          _            __ _ _
 /\\ / ___'_ __ _ _(_)_ __  __ _ \ \ \ \
( ( )\___ | '_ | '_| | '_ \/ _` | \ \ \ \
 \\/  ___)| |_)| | | | | || (_| |  ) ) ) )
  '  |____| .__|_| |_|_| |_\__, | / / / /
 =========|_|==============|___/=/_/_/_/

 :: Spring Boot ::               (v3.5.13)

2026-04-28T23:37:12.358+05:30  INFO 16508 --- [backend] [           main] c.s.user.service.UserServiceTest         : Starting UserServiceTest using Java 17.0.18 with PID 16508 (started by dsatk in C:\Users\dsatk\OneDrive\Documents\sentinelX\Sentinel-X\backend)
2026-04-28T23:37:12.358+05:30  INFO 16508 --- [backend] [           main] c.s.user.service.UserServiceTest         : The following 1 profile is active: "dev"
2026-04-28T23:37:13.422+05:30  INFO 16508 --- [backend] [           main] .s.d.r.c.RepositoryConfigurationDelegate : Bootstrapping Spring Data JPA repositories in DEFAULT mode.
2026-04-28T23:37:13.726+05:30  INFO 16508 --- [backend] [           main] .s.d.r.c.RepositoryConfigurationDelegate : Finished Spring Data repository scanning in 300 ms. Found 8 JPA repository interfaces.
2026-04-28T23:37:14.336+05:30  INFO 16508 --- [backend] [           main] o.hibernate.jpa.internal.util.LogHelper  : HHH000204: Processing PersistenceUnitInfo [name: default]
2026-04-28T23:37:14.359+05:30  INFO 16508 --- [backend] [           main] o.h.c.internal.RegionFactoryInitiator    : HHH000026: Second-level cache disabled
2026-04-28T23:37:14.411+05:30  INFO 16508 --- [backend] [           main] o.s.o.j.p.SpringPersistenceUnitInfo      : No LoadTimeWeaver setup: ignoring JPA class transformer
2026-04-28T23:37:14.414+05:30  INFO 16508 --- [backend] [           main] com.zaxxer.hikari.HikariDataSource       : HikariPool-16 - Starting...
2026-04-28T23:37:14.423+05:30  INFO 16508 --- [backend] [           main] com.zaxxer.hikari.pool.HikariPool        : HikariPool-16 - Added connection conn187: url=jdbc:h2:mem:userservicetest user=SA
2026-04-28T23:37:14.423+05:30  INFO 16508 --- [backend] [           main] com.zaxxer.hikari.HikariDataSource       : HikariPool-16 - Start completed.
2026-04-28T23:37:14.424+05:30  INFO 16508 --- [backend] [           main] org.hibernate.orm.connections.pooling    : HHH10001005: Database info:
	Database JDBC URL [Connecting through datasource 'HikariDataSource (HikariPool-16)']
	Database driver: undefined/unknown
	Database version: 2.3.232
	Autocommit mode: undefined/unknown
	Isolation level: undefined/unknown
	Minimum pool size: undefined/unknown
	Maximum pool size: undefined/unknown
2026-04-28T23:37:14.614+05:30  INFO 16508 --- [backend] [           main] o.h.e.t.j.p.i.JtaPlatformInitiator       : HHH000489: No JTA platform available (set 'hibernate.transaction.jta.platform' to enable JTA platform integration)
2026-04-28T23:37:14.661+05:30  INFO 16508 --- [backend] [           main] j.LocalContainerEntityManagerFactoryBean : Initialized JPA EntityManagerFactory for persistence unit 'default'
2026-04-28T23:37:15.017+05:30  WARN 16508 --- [backend] [           main] JpaBaseConfiguration$JpaWebConfiguration : spring.jpa.open-in-view is enabled by default. Therefore, database queries may be performed during view rendering. Explicitly configure spring.jpa.open-in-view to disable this warning
2026-04-28T23:37:15.278+05:30  INFO 16508 --- [backend] [           main] r$InitializeUserDetailsManagerConfigurer : Global AuthenticationManager configured with UserDetailsService bean with name customUserDetailsService
2026-04-28T23:37:15.583+05:30  INFO 16508 --- [backend] [           main] c.s.user.service.UserServiceTest         : Started UserServiceTest in 3.298 seconds (process running for 161.93)
2026-04-28T23:37:15.596+05:30  INFO 16508 --- [backend] [           main] com.sentinelx.config.SeedDataRunner      : Default roles verified
[INFO] Tests run: 10, Failures: 0, Errors: 0, Skipped: 0, Time elapsed: 4.615 s -- in com.sentinelx.user.service.UserServiceTest
[INFO] 
[INFO] Results:
[INFO] 
[INFO] Tests run: 175, Failures: 0, Errors: 0, Skipped: 13
[INFO] 
[INFO] ------------------------------------------------------------------------
[INFO] BUILD SUCCESS
[INFO] ------------------------------------------------------------------------
[INFO] Total time:  03:13 min
[INFO] Finished at: 2026-04-28T23:37:17+05:30
[INFO] ------------------------------------------------------------------------
